Component: ARM Compiler 5.06 update 6 (build 750) Tool: armlink [4d35ed]

==============================================================================

Section Cross References

    startup_stm32f103xe.o(STACK) refers (Special) to heapauxi.o(.text) for __use_two_region_memory
    startup_stm32f103xe.o(HEAP) refers (Special) to heapauxi.o(.text) for __use_two_region_memory
    startup_stm32f103xe.o(RESET) refers (Special) to heapauxi.o(.text) for __use_two_region_memory
    startup_stm32f103xe.o(RESET) refers to startup_stm32f103xe.o(STACK) for __initial_sp
    startup_stm32f103xe.o(RESET) refers to startup_stm32f103xe.o(.text) for Reset_Handler
    startup_stm32f103xe.o(RESET) refers to stm32f1xx_it.o(i.NMI_Handler) for NMI_Handler
    startup_stm32f103xe.o(RESET) refers to stm32f1xx_it.o(i.HardFault_Handler) for HardFault_Handler
    startup_stm32f103xe.o(RESET) refers to stm32f1xx_it.o(i.MemManage_Handler) for MemManage_Handler
    startup_stm32f103xe.o(RESET) refers to stm32f1xx_it.o(i.BusFault_Handler) for BusFault_Handler
    startup_stm32f103xe.o(RESET) refers to stm32f1xx_it.o(i.UsageFault_Handler) for UsageFault_Handler
    startup_stm32f103xe.o(RESET) refers to stm32f1xx_it.o(i.SVC_Handler) for SVC_Handler
    startup_stm32f103xe.o(RESET) refers to stm32f1xx_it.o(i.DebugMon_Handler) for DebugMon_Handler
    startup_stm32f103xe.o(RESET) refers to stm32f1xx_it.o(i.PendSV_Handler) for PendSV_Handler
    startup_stm32f103xe.o(RESET) refers to stm32f1xx_it.o(i.SysTick_Handler) for SysTick_Handler
    startup_stm32f103xe.o(RESET) refers to stm32f1xx_it.o(i.USART1_IRQHandler) for USART1_IRQHandler
    startup_stm32f103xe.o(.text) refers (Special) to heapauxi.o(.text) for __use_two_region_memory
    startup_stm32f103xe.o(.text) refers to system_stm32f1xx.o(i.SystemInit) for SystemInit
    startup_stm32f103xe.o(.text) refers to __main.o(!!!main) for __main
    startup_stm32f103xe.o(.text) refers to startup_stm32f103xe.o(HEAP) for Heap_Mem
    startup_stm32f103xe.o(.text) refers to startup_stm32f103xe.o(STACK) for Stack_Mem
    main.o(i.Custom_UART_RX_Handler) refers to main.o(.data) for state
    main.o(i.Custom_UART_RX_Handler) refers to main.o(.bss) for timing_blob12
    main.o(i.MX_GPIO_Init) refers to stm32f1xx_hal_gpio.o(i.HAL_GPIO_WritePin) for HAL_GPIO_WritePin
    main.o(i.MX_GPIO_Init) refers to stm32f1xx_hal_gpio.o(i.HAL_GPIO_Init) for HAL_GPIO_Init
    main.o(i.MX_I2C1_Init) refers to stm32f1xx_hal_i2c.o(i.HAL_I2C_Init) for HAL_I2C_Init
    main.o(i.MX_I2C1_Init) refers to main.o(i.Error_Handler) for Error_Handler
    main.o(i.MX_I2C1_Init) refers to main.o(.bss) for hi2c1
    main.o(i.MX_TIM3_Init) refers to rt_memclr_w.o(.text) for __aeabi_memclr4
    main.o(i.MX_TIM3_Init) refers to stm32f1xx_hal_tim.o(i.HAL_TIM_Base_Init) for HAL_TIM_Base_Init
    main.o(i.MX_TIM3_Init) refers to main.o(i.Error_Handler) for Error_Handler
    main.o(i.MX_TIM3_Init) refers to stm32f1xx_hal_tim.o(i.HAL_TIM_ConfigClockSource) for HAL_TIM_ConfigClockSource
    main.o(i.MX_TIM3_Init) refers to stm32f1xx_hal_tim.o(i.HAL_TIM_PWM_Init) for HAL_TIM_PWM_Init
    main.o(i.MX_TIM3_Init) refers to stm32f1xx_hal_tim_ex.o(i.HAL_TIMEx_MasterConfigSynchronization) for HAL_TIMEx_MasterConfigSynchronization
    main.o(i.MX_TIM3_Init) refers to stm32f1xx_hal_tim.o(i.HAL_TIM_PWM_ConfigChannel) for HAL_TIM_PWM_ConfigChannel
    main.o(i.MX_TIM3_Init) refers to stm32f1xx_hal_msp.o(i.HAL_TIM_MspPostInit) for HAL_TIM_MspPostInit
    main.o(i.MX_TIM3_Init) refers to main.o(.bss) for htim3
    main.o(i.MX_USART1_UART_Init) refers to stm32f1xx_hal_uart.o(i.HAL_UART_Init) for HAL_UART_Init
    main.o(i.MX_USART1_UART_Init) refers to main.o(i.Error_Handler) for Error_Handler
    main.o(i.MX_USART1_UART_Init) refers to main.o(.bss) for huart1
    main.o(i.SystemClock_Config) refers to rt_memclr_w.o(.text) for __aeabi_memclr4
    main.o(i.SystemClock_Config) refers to stm32f1xx_hal_rcc.o(i.HAL_RCC_OscConfig) for HAL_RCC_OscConfig
    main.o(i.SystemClock_Config) refers to main.o(i.Error_Handler) for Error_Handler
    main.o(i.SystemClock_Config) refers to stm32f1xx_hal_rcc.o(i.HAL_RCC_ClockConfig) for HAL_RCC_ClockConfig
    main.o(i.SystemClock_Config) refers to stm32f1xx_hal_rcc.o(i.HAL_RCC_MCOConfig) for HAL_RCC_MCOConfig
    main.o(i.main) refers to stm32f1xx_hal.o(i.HAL_Init) for HAL_Init
    main.o(i.main) refers to main.o(i.SystemClock_Config) for SystemClock_Config
    main.o(i.main) refers to main.o(i.MX_GPIO_Init) for MX_GPIO_Init
    main.o(i.main) refers to main.o(i.MX_I2C1_Init) for MX_I2C1_Init
    main.o(i.main) refers to main.o(i.MX_USART1_UART_Init) for MX_USART1_UART_Init
    main.o(i.main) refers to main.o(i.MX_TIM3_Init) for MX_TIM3_Init
    main.o(i.main) refers to stm32f1xx_hal.o(i.HAL_Delay) for HAL_Delay
    main.o(i.main) refers to task.o(i.sys_init) for sys_init
    main.o(i.main) refers to task.o(i.EN_BL) for EN_BL
    main.o(i.main) refers to stm32f1xx_hal_tim.o(i.HAL_TIM_PWM_Start) for HAL_TIM_PWM_Start
[...]
    Removing max96755.o(.rev16_text), (4 bytes).
    Removing max96755.o(.revsh_text), (4 bytes).
    Removing max96755.o(.rrx_text), (6 bytes).
    Removing task.o(.rev16_text), (4 bytes).
    Removing task.o(.revsh_text), (4 bytes).
    Removing task.o(.rrx_text), (6 bytes).
    Removing task.o(i.EN_LCD_RESET), (20 bytes).
    Removing task.o(i.check_test), (116 bytes).
    Removing bl.o(.rev16_text), (4 bytes).
    Removing bl.o(.revsh_text), (4 bytes).
    Removing bl.o(.rrx_text), (6 bytes).
    Removing bl.o(i.BL_check_chip), (34 bytes).
    Removing bl.o(i.BL_enable), (22 bytes).
    Removing bl.o(i.BL_read), (48 bytes).
    Removing bl.o(i.BL_send), (28 bytes).
    Removing cdce913.o(.rev16_text), (4 bytes).
    Removing cdce913.o(.revsh_text), (4 bytes).
    Removing cdce913.o(.rrx_text), (6 bytes).
    Removing cdce913.o(i.cdce913_config_120MHZ), (44 bytes).
    Removing cdce913.o(i.cdce913_config_150MHZ), (44 bytes).
    Removing cdce913.o(i.cdce913_config_25MHZ), (44 bytes).
    Removing cdce913.o(i.cdce913_config_90MHZ), (44 bytes).

477 unused section(s) (total 52496 bytes) removed from the image.

==============================================================================

Image Symbol Table

    Local Symbols

    Symbol Name                              Value     Ov Type        Size  Object(Section)

    ../Core/Src/main.c                       0x00000000   Number         0  main.o ABSOLUTE
    ../Core/Src/stm32f1xx_hal_msp.c          0x00000000   Number         0  stm32f1xx_hal_msp.o ABSOLUTE
    ../Core/Src/stm32f1xx_it.c               0x00000000   Number         0  stm32f1xx_it.o ABSOLUTE
    ../Core/Src/system_stm32f1xx.c           0x00000000   Number         0  system_stm32f1xx.o ABSOLUTE
    ../Drivers/STM32F1xx_HAL_Driver/Src/stm32f1xx_hal.c 0x00000000   Number         0  stm32f1xx_hal.o ABSOLUTE
    ../Drivers/STM32F1xx_HAL_Driver/Src/stm32f1xx_hal_cortex.c 0x00000000   Number         0  stm32f1xx_hal_cortex.o ABSOLUTE
    ../Drivers/STM32F1xx_HAL_Driver/Src/stm32f1xx_hal_dma.c 0x00000000   Number         0  stm32f1xx_hal_dma.o ABSOLUTE
    ../Drivers/STM32F1xx_HAL_Driver/Src/stm32f1xx_hal_exti.c 0x00000000   Number         0  stm32f1xx_hal_exti.o ABSOLUTE
    ../Drivers/STM32F1xx_HAL_Driver/Src/stm32f1xx_hal_flash.c 0x00000000   Number         0  stm32f1xx_hal_flash.o ABSOLUTE
    ../Drivers/STM32F1xx_HAL_Driver/Src/stm32f1xx_hal_flash_ex.c 0x00000000   Number         0  stm32f1xx_hal_flash_ex.o ABSOLUTE
    ../Drivers/STM32F1xx_HAL_Driver/Src/stm32f1xx_hal_gpio.c 0x00000000   Number         0  stm32f1xx_hal_gpio.o ABSOLUTE
    ../Drivers/STM32F1xx_HAL_Driver/Src/stm32f1xx_hal_gpio_ex.c 0x00000000   Number         0  stm32f1xx_hal_gpio_ex.o ABSOLUTE
    ../Drivers/STM32F1xx_HAL_Driver/Src/stm32f1xx_hal_i2c.c 0x00000000   Number         0  stm32f1xx_hal_i2c.o ABSOLUTE
    ../Drivers/STM32F1xx_HAL_Driver/Src/stm32f1xx_hal_pwr.c 0x00000000   Number         0  stm32f1xx_hal_pwr.o ABSOLUTE
    ../Drivers/STM32F1xx_HAL_Driver/Src/stm32f1xx_hal_rcc.c 0x00000000   Number         0  stm32f1xx_hal_rcc.o ABSOLUTE
    ../Drivers/STM32F1xx_HAL_Driver/Src/stm32f1xx_hal_rcc_ex.c 0x00000000   Number         0  stm32f1xx_hal_rcc_ex.o ABSOLUTE
    ../Drivers/STM32F1xx_HAL_Driver/Src/stm32f1xx_hal_tim.c 0x00000000   Number         0  stm32f1xx_hal_tim.o ABSOLUTE
    ../Drivers/STM32F1xx_HAL_Driver/Src/stm32f1xx_hal_tim_ex.c 0x00000000   Number         0  stm32f1xx_hal_tim_ex.o ABSOLUTE
    ../Drivers/STM32F1xx_HAL_Driver/Src/stm32f1xx_hal_uart.c 0x00000000   Number         0  stm32f1xx_hal_uart.o ABSOLUTE
    ../clib/angel/boardlib.s                 0x00000000   Number         0  boardshut.o ABSOLUTE
    ../clib/angel/boardlib.s                 0x00000000   Number         0  boardinit1.o ABSOLUTE
    ../clib/angel/boardlib.s                 0x00000000   Number         0  boardinit3.o ABSOLUTE
    ../clib/angel/boardlib.s                 0x00000000   Number         0  boardinit2.o ABSOLUTE
    ../clib/angel/handlers.s                 0x00000000   Number         0  __scatter_copy.o ABSOLUTE
    ../clib/angel/handlers.s                 0x00000000   Number         0  __scatter_zi.o ABSOLUTE
    ../clib/angel/kernel.s                   0x00000000   Number         0  __rtentry.o ABSOLUTE
    ../clib/angel/kernel.s                   0x00000000   Number         0  rtexit2.o ABSOLUTE
    ../clib/angel/kernel.s                   0x00000000   Number         0  rtexit.o ABSOLUTE
    ../clib/angel/kernel.s                   0x00000000   Number         0  __rtentry4.o ABSOLUTE
    ../clib/angel/kernel.s                   0x00000000   Number         0  __rtentry2.o ABSOLUTE
    ../clib/angel/rt.s                       0x00000000   Number         0  rt_div0.o ABSOLUTE
    ../clib/angel/rt.s                       0x00000000   Number         0  rt_raise.o ABSOLUTE
    ../clib/angel/rt.s                       0x00000000   Number         0  aeabi_ldiv0_sigfpe.o ABSOLUTE
    ../clib/angel/rt.s                       0x00000000   Number         0  aeabi_ldiv0.o ABSOLUTE
    ../clib/angel/scatter.s                  0x00000000   Number         0  __scatter.o ABSOLUTE
    ../clib/angel/startup.s                  0x00000000   Number         0  __main.o ABSOLUTE
    ../clib/angel/sys.s                      0x00000000   Number         0  sys_stackheap_outer.o ABSOLUTE
    ../clib/angel/sys.s                      0x00000000   Number         0  indicate_semi.o ABSOLUTE
    ../clib/angel/sys.s                      0x00000000   Number         0  use_no_semi.o ABSOLUTE
    ../clib/angel/sys.s                      0x00000000   Number         0  libspace.o ABSOLUTE
    ../clib/angel/sysapp.c                   0x00000000   Number         0  sys_exit.o ABSOLUTE
    ../clib/angel/sysapp.c                   0x00000000   Number         0  sys_command.o ABSOLUTE
    ../clib/angel/sysapp.c                   0x00000000   Number         0  sys_wrch.o ABSOLUTE
    ../clib/armsys.c                         0x00000000   Number         0  argv_veneer.o ABSOLUTE
    ../clib/armsys.c                         0x00000000   Number         0  no_argv.o ABSOLUTE
    ../clib/armsys.c                         0x00000000   Number         0  _get_argv_nomalloc.o ABSOLUTE
    ../clib/armsys.c                         0x00000000   Number         0  argv_veneer.o ABSOLUTE
    ../clib/heapalloc.c                      0x00000000   Number         0  hrguard.o ABSOLUTE
    ../clib/heapaux.c                        0x00000000   Number         0  heapauxi.o ABSOLUTE
    ../clib/libinit.s                        0x00000000   Number         0  libinit.o ABSOLUTE
    ../clib/libinit.s                        0x00000000   Number         0  libshutdown.o ABSOLUTE
    ../clib/libinit.s                        0x00000000   Number         0  libinit2.o ABSOLUTE
    ../clib/libinit.s                        0x00000000   Number         0  libshutdown2.o ABSOLUTE
    ../clib/longlong.s                       0x00000000   Number         0  llushr.o ABSOLUTE
    ../clib/longlong.s                       0x00000000   Number         0  lludivv7m.o ABSOLUTE
    ../clib/memcpset.s                       0x00000000   Number         0  rt_memcpy_w.o ABSOLUTE
    ../clib/memcpset.s                       0x00000000   Number         0  rt_memclr_w.o ABSOLUTE
    ../clib/memcpset.s                       0x00000000   Number         0  rt_memcpy_v6.o ABSOLUTE
    ../clib/signal.c                         0x00000000   Number         0  defsig_abrt_inner.o ABSOLUTE
    ../clib/signal.c                         0x00000000   Number         0  defsig_rtred_inner.o ABSOLUTE
    ../clib/signal.c                         0x00000000   Number         0  defsig_rtmem_inner.o ABSOLUTE
    ../clib/signal.c                         0x00000000   Number         0  defsig_rtmem_outer.o ABSOLUTE
    ../clib/signal.c                         0x00000000   Number         0  defsig_rtmem_formal.o ABSOLUTE
    ../clib/signal.c                         0x00000000   Number         0  defsig_stak_inner.o ABSOLUTE
    ../clib/signal.c                         0x00000000   Number         0  defsig_fpe_outer.o ABSOLUTE
    ../clib/signal.c                         0x00000000   Number         0  defsig_segv_inner.o ABSOLUTE
    ../clib/signal.c                         0x00000000   Number         0  defsig_other.o ABSOLUTE
    ../clib/signal.c                         0x00000000   Number         0  __raise.o ABSOLUTE
    ../clib/signal.c                         0x00000000   Number         0  defsig_pvfn_inner.o ABSOLUTE
    ../clib/signal.c                         0x00000000   Number         0  defsig_cppl_inner.o ABSOLUTE
    ../clib/signal.c                         0x00000000   Number         0  defsig_fpe_inner.o ABSOLUTE
    ../clib/signal.c                         0x00000000   Number         0  defsig_general.o ABSOLUTE
    ../clib/signal.c                         0x00000000   Number         0  defsig_exit.o ABSOLUTE
    ../clib/signal.c                         0x00000000   Number         0  defsig_fpe_formal.o ABSOLUTE
    ../clib/signal.s                         0x00000000   Number         0  defsig.o ABSOLUTE
    ../clib/stdlib.c                         0x00000000   Number         0  exit.o ABSOLUTE
    ../fplib/fpinit.s                        0x00000000   Number         0  fpinit.o ABSOLUTE
    ..\App\BL.c                              0x00000000   Number         0  bl.o ABSOLUTE
    ..\App\MAX96755.c                        0x00000000   Number         0  max96755.o ABSOLUTE
    ..\App\cdce913.c                         0x00000000   Number         0  cdce913.o ABSOLUTE
    ..\App\task.c                            0x00000000   Number         0  task.o ABSOLUTE
    ..\Core\Src\main.c                       0x00000000   Number         0  main.o ABSOLUTE
    ..\Core\Src\stm32f1xx_hal_msp.c          0x00000000   Number         0  stm32f1xx_hal_msp.o ABSOLUTE
    ..\Core\Src\stm32f1xx_it.c               0x00000000   Number         0  stm32f1xx_it.o ABSOLUTE
    ..\Core\Src\system_stm32f1xx.c           0x00000000   Number         0  system_stm32f1xx.o ABSOLUTE
    ..\Drivers\STM32F1xx_HAL_Driver\Src\stm32f1xx_hal.c 0x00000000   Number         0  stm32f1xx_hal.o ABSOLUTE
    ..\Drivers\STM32F1xx_HAL_Driver\Src\stm32f1xx_hal_cortex.c 0x00000000   Number         0  stm32f1xx_hal_cortex.o ABSOLUTE
    ..\Drivers\STM32F1xx_HAL_Driver\Src\stm32f1xx_hal_dma.c 0x00000000   Number         0  stm32f1xx_hal_dma.o ABSOLUTE
    ..\Drivers\STM32F1xx_HAL_Driver\Src\stm32f1xx_hal_exti.c 0x00000000   Number         0  stm32f1xx_hal_exti.o ABSOLUTE
    ..\Drivers\STM32F1xx_HAL_Driver\Src\stm32f1xx_hal_flash.c 0x00000000   Number         0  stm32f1xx_hal_flash.o ABSOLUTE
    ..\Drivers\STM32F1xx_HAL_Driver\Src\stm32f1xx_hal_flash_ex.c 0x00000000   Number         0  stm32f1xx_hal_flash_ex.o ABSOLUTE
    ..\Drivers\STM32F1xx_HAL_Driver\Src\stm32f1xx_hal_gpio.c 0x00000000   Number         0  stm32f1xx_hal_gpio.o ABSOLUTE
    ..\Drivers\STM32F1xx_HAL_Driver\Src\stm32f1xx_hal_gpio_ex.c 0x00000000   Number         0  stm32f1xx_hal_gpio_ex.o ABSOLUTE
    ..\Drivers\STM32F1xx_HAL_Driver\Src\stm32f1xx_hal_i2c.c 0x00000000   Number         0  stm32f1xx_hal_i2c.o ABSOLUTE
    ..\Drivers\STM32F1xx_HAL_Driver\Src\stm32f1xx_hal_pwr.c 0x00000000   Number         0  stm32f1xx_hal_pwr.o ABSOLUTE
    ..\Drivers\STM32F1xx_HAL_Driver\Src\stm32f1xx_hal_rcc.c 0x00000000   Number         0  stm32f1xx_hal_rcc.o ABSOLUTE
    ..\Drivers\STM32F1xx_HAL_Driver\Src\stm32f1xx_hal_rcc_ex.c 0x00000000   Number         0  stm32f1xx_hal_rcc_ex.o ABSOLUTE
    ..\Drivers\STM32F1xx_HAL_Driver\Src\stm32f1xx_hal_tim.c 0x00000000   Number         0  stm32f1xx_hal_tim.o ABSOLUTE
    ..\Drivers\STM32F1xx_HAL_Driver\Src\stm32f1xx_hal_tim_ex.c 0x00000000   Number         0  stm32f1xx_hal_tim_ex.o ABSOLUTE
    ..\Drivers\STM32F1xx_HAL_Driver\Src\stm32f1xx_hal_uart.c 0x00000000   Number         0  stm32f1xx_hal_uart.o ABSOLUTE
    ..\\App\\BL.c                            0x00000000   Number         0  bl.o ABSOLUTE
    ..\\App\\MAX96755.c                      0x00000000   Number         0  max96755.o ABSOLUTE
    ..\\App\\cdce913.c                       0x00000000   Number         0  cdce913.o ABSOLUTE
    ..\\App\\task.c                          0x00000000   Number         0  task.o ABSOLUTE
    dc.s                                     0x00000000   Number         0  dc.o ABSOLUTE
    startup_stm32f103xe.s                    0x00000000   Number         0  startup_stm32f103xe.o ABSOLUTE
    RESET                                    0x08000000   Section      304  startup_stm32f103xe.o(RESET)
    !!!main                                  0x08000130   Section        8  __main.o(!!!main)
    !!!scatter                               0x08000138   Section       52  __scatter.o(!!!scatter)
    !!handler_copy                           0x0800016c   Section       26  __scatter_copy.o(!!handler_copy)
    !!handler_zi                             0x08000188   Section       28  __scatter_zi.o(!!handler_zi)
    .ARM.Collect$$libinit$$00000000          0x080001a4   Section        2  libinit.o(.ARM.Collect$$libinit$$00000000)
    .ARM.Collect$$libinit$$00000002          0x080001a6   Section        0  libinit2.o(.ARM.Collect$$libinit$$00000002)
    .ARM.Collect$$libinit$$00000004          0x080001a6   Section        0  libinit2.o(.ARM.Collect$$libinit$$00000004)
    .ARM.Collect$$libinit$$0000000A          0x080001a6   Section        0  libinit2.o(.ARM.Collect$$libinit$$0000000A)
    .ARM.Collect$$libinit$$0000000C          0x080001a6   Section        0  libinit2.o(.ARM.Collect$$libinit$$0000000C)
    .ARM.Collect$$libinit$$0000000E          0x080001a6   Section        0  libinit2.o(.ARM.Collect$$libinit$$0000000E)
    .ARM.Collect$$libinit$$00000011          0x080001a6   Section        0  libinit2.o(.ARM.Collect$$libinit$$00000011)
    .ARM.Collect$$libinit$$00000013          0x080001a6   Section        0  libinit2.o(.ARM.Collect$$libinit$$00000013)
    .ARM.Collect$$libinit$$00000015          0x080001a6   Section        0  libinit2.o(.ARM.Collect$$libinit$$00000015)
    .ARM.Collect$$libinit$$00000017          0x080001a6   Section        0  libinit2.o(.ARM.Collect$$libinit$$00000017)
    .ARM.Collect$$libinit$$00000019          0x080001a6   Section        0  libinit2.o(.ARM.Collect$$libinit$$00000019)
    .ARM.Collect$$libinit$$0000001B          0x080001a6   Section        0  libinit2.o(.ARM.Collect$$libinit$$0000001B)
    .ARM.Collect$$libinit$$0000001D          0x080001a6   Section        0  libinit2.o(.ARM.Collect$$libinit$$0000001D)
    .ARM.Collect$$libinit$$0000001F          0x080001a6   Section        0  libinit2.o(.ARM.Collect$$libinit$$0000001F)
    .ARM.Collect$$libinit$$00000021          0x080001a6   Section        0  libinit2.o(.ARM.Collect$$libinit$$00000021)
    .ARM.Collect$$libinit$$00000023          0x080001a6   Section        0  libinit2.o(.ARM.Collect$$libinit$$00000023)
    .ARM.Collect$$libinit$$00000025          0x080001a6   Section        0  libinit2.o(.ARM.Collect$$libinit$$00000025)
    .ARM.Collect$$libinit$$0000002C          0x080001a6   Section        0  libinit2.o(.ARM.Collect$$libinit$$0000002C)
    .ARM.Collect$$libinit$$0000002E          0x080001a6   Section        0  libinit2.o(.ARM.Collect$$libinit$$0000002E)
    .ARM.Collect$$libinit$$00000030          0x080001a6   Section        0  libinit2.o(.ARM.Collect$$libinit$$00000030)
    .ARM.Collect$$libinit$$00000032          0x080001a6   Section        0  libinit2.o(.ARM.Collect$$libinit$$00000032)
    .ARM.Collect$$libinit$$00000033          0x080001a6   Section        2  libinit2.o(.ARM.Collect$$libinit$$00000033)
    .ARM.Collect$$libshutdown$$00000000      0x080001a8   Section        2  libshutdown.o(.ARM.Collect$$libshutdown$$00000000)
    .ARM.Collect$$libshutdown$$00000002      0x080001aa   Section        0  libshutdown2.o(.ARM.Collect$$libshutdown$$00000002)
    .ARM.Collect$$libshutdown$$00000004      0x080001aa   Section        0  libshutdown2.o(.ARM.Collect$$libshutdown$$00000004)
    .ARM.Collect$$libshutdown$$00000007      0x080001aa   Section        0  libshutdown2.o(.ARM.Collect$$libshutdown$$00000007)
    .ARM.Collect$$libshutdown$$0000000A      0x080001aa   Section        0  libshutdown2.o(.ARM.Collect$$libshutdown$$0000000A)
    .ARM.Collect$$libshutdown$$0000000C      0x080001aa   Section        0  libshutdown2.o(.ARM.Collect$$libshutdown$$0000000C)
    .ARM.Collect$$libshutdown$$0000000F      0x080001aa   Section        0  libshutdown2.o(.ARM.Collect$$libshutdown$$0000000F)
    .ARM.Collect$$libshutdown$$00000010      0x080001aa   Section        2  libshutdown2.o(.ARM.Collect$$libshutdown$$00000010)
    .ARM.Collect$$rtentry$$00000000          0x080001ac   Section        0  __rtentry.o(.ARM.Collect$$rtentry$$00000000)
    .ARM.Collect$$rtentry$$00000002          0x080001ac   Section        0  __rtentry2.o(.ARM.Collect$$rtentry$$00000002)
    .ARM.Collect$$rtentry$$00000004          0x080001ac   Section        6  __rtentry4.o(.ARM.Collect$$rtentry$$00000004)
    .ARM.Collect$$rtentry$$00000009          0x080001b2   Section        0  __rtentry2.o(.ARM.Collect$$rtentry$$00000009)
    .ARM.Collect$$rtentry$$0000000A          0x080001b2   Section        4  __rtentry2.o(.ARM.Collect$$rtentry$$0000000A)
    .ARM.Collect$$rtentry$$0000000C          0x080001b6   Section        0  __rtentry2.o(.ARM.Collect$$rtentry$$0000000C)
    .ARM.Collect$$rtentry$$0000000D          0x080001b6   Section        8  __rtentry2.o(.ARM.Collect$$rtentry$$0000000D)
    .ARM.Collect$$rtexit$$00000000           0x080001be   Section        2  rtexit.o(.ARM.Collect$$rtexit$$00000000)
    .ARM.Collect$$rtexit$$00000002           0x080001c0   Section        0  rtexit2.o(.ARM.Collect$$rtexit$$00000002)
    .ARM.Collect$$rtexit$$00000003           0x080001c0   Section        4  rtexit2.o(.ARM.Collect$$rtexit$$00000003)
    .ARM.Collect$$rtexit$$00000004           0x080001c4   Section        6  rtexit2.o(.ARM.Collect$$rtexit$$00000004)
    .text                                    0x080001cc   Section       64  startup_stm32f103xe.o(.text)
    .text                                    0x0800020c   Section      238  lludivv7m.o(.text)
    .text                                    0x080002fa   Section      138  rt_memcpy_v6.o(.text)
    .text                                    0x08000384   Section       78  rt_memclr_w.o(.text)
    .text                                    0x080003d2   Section        0  heapauxi.o(.text)
    .text                                    0x080003d8   Section      100  rt_memcpy_w.o(.text)
    .text                                    0x0800043c   Section       74  sys_stackheap_outer.o(.text)
    .text                                    0x08000486   Section        0  exit.o(.text)
    .text                                    0x08000498   Section        8  libspace.o(.text)
    .text                                    0x080004a0   Section        0  sys_exit.o(.text)
    .text                                    0x080004ac   Section        2  use_no_semi.o(.text)
    .text                                    0x080004ae   Section        0  indicate_semi.o(.text)
    i.BusFault_Handler                       0x080004ae   Section        0  stm32f1xx_it.o(i.BusFault_Handler)
    i.Custom_UART_RX_Handler                 0x080004b4   Section        0  main.o(i.Custom_UART_RX_Handler)
    i.DISEN_BL                               0x08000a60   Section        0  task.o(i.DISEN_BL)
    i.DebugMon_Handler                       0x08000a74   Section        0  stm32f1xx_it.o(i.DebugMon_Handler)
    i.EN_BL                                  0x08000a78   Section        0  task.o(i.EN_BL)
    i.EN_VDD2                                0x08000a8c   Section        0  task.o(i.EN_VDD2)
    i.Error_Handler                          0x08000abc   Section        0  main.o(i.Error_Handler)
    i.HAL_Delay                              0x08000ac4   Section        0  stm32f1xx_hal.o(i.HAL_Delay)
    i.HAL_GPIO_Init                          0x08000aec   Section        0  stm32f1xx_hal_gpio.o(i.HAL_GPIO_Init)
    i.HAL_GPIO_ReadPin                       0x08000e2c   Section        0  stm32f1xx_hal_gpio.o(i.HAL_GPIO_ReadPin)
    i.HAL_GPIO_WritePin                      0x08000e3c   Section        0  stm32f1xx_hal_gpio.o(i.HAL_GPIO_WritePin)
    i.HAL_GetTick                            0x08000e48   Section        0  stm32f1xx_hal.o(i.HAL_GetTick)
    i.HAL_I2C_Init                           0x08000e54   Section        0  stm32f1xx_hal_i2c.o(i.HAL_I2C_Init)
    i.HAL_I2C_Master_Receive                 0x08001024   Section        0  stm32f1xx_hal_i2c.o(i.HAL_I2C_Master_Receive)
    i.HAL_I2C_Master_Transmit                0x08001390   Section        0  stm32f1xx_hal_i2c.o(i.HAL_I2C_Master_Transmit)
    i.HAL_I2C_MspInit                        0x08001500   Section        0  stm32f1xx_hal_msp.o(i.HAL_I2C_MspInit)
    i.HAL_IncTick                            0x08001574   Section        0  stm32f1xx_hal.o(i.HAL_IncTick)
    i.HAL_Init                               0x0800158c   Section        0  stm32f1xx_hal.o(i.HAL_Init)
    i.HAL_InitTick                           0x080015b4   Section        0  stm32f1xx_hal.o(i.HAL_InitTick)
    i.HAL_MspInit                            0x08001600   Section        0  stm32f1xx_hal_msp.o(i.HAL_MspInit)
    i.HAL_NVIC_EnableIRQ                     0x08001654   Section        0  stm32f1xx_hal_cortex.o(i.HAL_NVIC_EnableIRQ)
    i.HAL_NVIC_SetPriority                   0x08001674   Section        0  stm32f1xx_hal_cortex.o(i.HAL_NVIC_SetPriority)
    i.HAL_NVIC_SetPriorityGrouping           0x080016f0   Section        0  stm32f1xx_hal_cortex.o(i.HAL_NVIC_SetPriorityGrouping)
    i.HAL_RCC_ClockConfig                    0x08001718   Section        0  stm32f1xx_hal_rcc.o(i.HAL_RCC_ClockConfig)
    i.HAL_RCC_GetHCLKFreq                    0x080018a8   Section        0  stm32f1xx_hal_rcc.o(i.HAL_RCC_GetHCLKFreq)
    i.HAL_RCC_GetPCLK1Freq                   0x080018b4   Section        0  stm32f1xx_hal_rcc.o(i.HAL_RCC_GetPCLK1Freq)
    i.HAL_RCC_GetPCLK2Freq                   0x080018d4   Section        0  stm32f1xx_hal_rcc.o(i.HAL_RCC_GetPCLK2Freq)
    i.HAL_RCC_GetSysClockFreq                0x080018f4   Section        0  stm32f1xx_hal_rcc.o(i.HAL_RCC_GetSysClockFreq)
    i.HAL_RCC_MCOConfig                      0x08001968   Section        0  stm32f1xx_hal_rcc.o(i.HAL_RCC_MCOConfig)
    i.HAL_RCC_OscConfig                      0x080019cc   Section        0  stm32f1xx_hal_rcc.o(i.HAL_RCC_OscConfig)
    i.HAL_SYSTICK_Config                     0x08001e30   Section        0  stm32f1xx_hal_cortex.o(i.HAL_SYSTICK_Config)
    i.HAL_TIMEx_MasterConfigSynchronization  0x08001e64   Section        0  stm32f1xx_hal_tim_ex.o(i.HAL_TIMEx_MasterConfigSynchronization)
    i.HAL_TIM_Base_Init                      0x08001f00   Section        0  stm32f1xx_hal_tim.o(i.HAL_TIM_Base_Init)
    i.HAL_TIM_Base_MspInit                   0x08001f68   Section        0  stm32f1xx_hal_msp.o(i.HAL_TIM_Base_MspInit)
    i.HAL_TIM_ConfigClockSource              0x08001f98   Section        0  stm32f1xx_hal_tim.o(i.HAL_TIM_ConfigClockSource)
    i.HAL_TIM_MspPostInit                    0x080020a4   Section        0  stm32f1xx_hal_msp.o(i.HAL_TIM_MspPostInit)
    i.HAL_TIM_PWM_ConfigChannel              0x08002114   Section        0  stm32f1xx_hal_tim.o(i.HAL_TIM_PWM_ConfigChannel)
    i.HAL_TIM_PWM_Init                       0x08002218   Section        0  stm32f1xx_hal_tim.o(i.HAL_TIM_PWM_Init)
    i.HAL_TIM_PWM_MspInit                    0x0800227e   Section        0  stm32f1xx_hal_tim.o(i.HAL_TIM_PWM_MspInit)
    i.HAL_TIM_PWM_Start                      0x08002280   Section        0  stm32f1xx_hal_tim.o(i.HAL_TIM_PWM_Start)
    i.HAL_UART_Init                          0x08002374   Section        0  stm32f1xx_hal_uart.o(i.HAL_UART_Init)
    i.HAL_UART_MspInit                       0x080023ec   Section        0  stm32f1xx_hal_msp.o(i.HAL_UART_MspInit)
    i.HAL_UART_Transmit                      0x08002474   Section        0  stm32f1xx_hal_uart.o(i.HAL_UART_Transmit)
    i.HardFault_Handler                      0x08002526   Section        0  stm32f1xx_it.o(i.HardFault_Handler)
    i.I2C_IsAcknowledgeFailed                0x0800252a   Section        0  stm32f1xx_hal_i2c.o(i.I2C_IsAcknowledgeFailed)
    I2C_IsAcknowledgeFailed                  0x0800252b   Thumb Code    62  stm32f1xx_hal_i2c.o(i.I2C_IsAcknowledgeFailed)
    i.I2C_MasterRequestRead                  0x08002568   Section        0  stm32f1xx_hal_i2c.o(i.I2C_MasterRequestRead)
    I2C_MasterRequestRead                    0x08002569   Thumb Code   308  stm32f1xx_hal_i2c.o(i.I2C_MasterRequestRead)
    i.I2C_MasterRequestWrite                 0x080026a0   Section        0  stm32f1xx_hal_i2c.o(i.I2C_MasterRequestWrite)
    I2C_MasterRequestWrite                   0x080026a1   Thumb Code   186  stm32f1xx_hal_i2c.o(i.I2C_MasterRequestWrite)
    i.I2C_WaitOnBTFFlagUntilTimeout          0x08002760   Section        0  stm32f1xx_hal_i2c.o(i.I2C_WaitOnBTFFlagUntilTimeout)
    I2C_WaitOnBTFFlagUntilTimeout            0x08002761   Thumb Code   102  stm32f1xx_hal_i2c.o(i.I2C_WaitOnBTFFlagUntilTimeout)
    i.I2C_WaitOnFlagUntilTimeout             0x080027c6   Section        0  stm32f1xx_hal_i2c.o(i.I2C_WaitOnFlagUntilTimeout)
    I2C_WaitOnFlagUntilTimeout               0x080027c7   Thumb Code   190  stm32f1xx_hal_i2c.o(i.I2C_WaitOnFlagUntilTimeout)
    i.I2C_WaitOnMasterAddressFlagUntilTimeout 0x08002884   Section        0  stm32f1xx_hal_i2c.o(i.I2C_WaitOnMasterAddressFlagUntilTimeout)
    I2C_WaitOnMasterAddressFlagUntilTimeout  0x08002885   Thumb Code   250  stm32f1xx_hal_i2c.o(i.I2C_WaitOnMasterAddressFlagUntilTimeout)
    i.I2C_WaitOnRXNEFlagUntilTimeout         0x0800297e   Section        0  stm32f1xx_hal_i2c.o(i.I2C_WaitOnRXNEFlagUntilTimeout)
    I2C_WaitOnRXNEFlagUntilTimeout           0x0800297f   Thumb Code   138  stm32f1xx_hal_i2c.o(i.I2C_WaitOnRXNEFlagUntilTimeout)
    i.I2C_WaitOnTXEFlagUntilTimeout          0x08002a08   Section        0  stm32f1xx_hal_i2c.o(i.I2C_WaitOnTXEFlagUntilTimeout)
    I2C_WaitOnTXEFlagUntilTimeout            0x08002a09   Thumb Code   102  stm32f1xx_hal_i2c.o(i.I2C_WaitOnTXEFlagUntilTimeout)
    i.MX_GPIO_Init                           0x08002a70   Section        0  main.o(i.MX_GPIO_Init)
    MX_GPIO_Init                             0x08002a71   Thumb Code   282  main.o(i.MX_GPIO_Init)
    i.MX_I2C1_Init                           0x08002b98   Section        0  main.o(i.MX_I2C1_Init)
    MX_I2C1_Init                             0x08002b99   Thumb Code    48  main.o(i.MX_I2C1_Init)
    i.MX_TIM3_Init                           0x08002bd4   Section        0  main.o(i.MX_TIM3_Init)
    MX_TIM3_Init                             0x08002bd5   Thumb Code   154  main.o(i.MX_TIM3_Init)
    i.MX_USART1_UART_Init                    0x08002c78   Section        0  main.o(i.MX_USART1_UART_Init)
    MX_USART1_UART_Init                      0x08002c79   Thumb Code    46  main.o(i.MX_USART1_UART_Init)
    i.MemManage_Handler                      0x08002cb0   Section        0  stm32f1xx_it.o(i.MemManage_Handler)
    i.NMI_Handler                            0x08002cb4   Section        0  stm32f1xx_it.o(i.NMI_Handler)
    i.PendSV_Handler                         0x08002cb8   Section        0  stm32f1xx_it.o(i.PendSV_Handler)
    i.RCC_Delay                              0x08002cbc   Section        0  stm32f1xx_hal_rcc.o(i.RCC_Delay)
    RCC_Delay                                0x08002cbd   Thumb Code    36  stm32f1xx_hal_rcc.o(i.RCC_Delay)
    i.SVC_Handler                            0x08002ce4   Section        0  stm32f1xx_it.o(i.SVC_Handler)
    i.SysTick_Handler                        0x08002ce6   Section        0  stm32f1xx_it.o(i.SysTick_Handler)
    i.SystemClock_Config                     0x08002cee   Section        0  main.o(i.SystemClock_Config)
    i.SystemInit                             0x08002d60   Section        0  system_stm32f1xx.o(i.SystemInit)
    i.TIM_Base_SetConfig                     0x08002d64   Section        0  stm32f1xx_hal_tim.o(i.TIM_Base_SetConfig)
    i.TIM_CCxChannelCmd                      0x08002e00   Section        0  stm32f1xx_hal_tim.o(i.TIM_CCxChannelCmd)
    i.TIM_ETR_SetConfig                      0x08002e22   Section        0  stm32f1xx_hal_tim.o(i.TIM_ETR_SetConfig)
    i.TIM_ITRx_SetConfig                     0x08002e38   Section        0  stm32f1xx_hal_tim.o(i.TIM_ITRx_SetConfig)
    TIM_ITRx_SetConfig                       0x08002e39   Thumb Code    18  stm32f1xx_hal_tim.o(i.TIM_ITRx_SetConfig)
    i.TIM_OC1_SetConfig                      0x08002e4c   Section        0  stm32f1xx_hal_tim.o(i.TIM_OC1_SetConfig)
    TIM_OC1_SetConfig                        0x08002e4d   Thumb Code   104  stm32f1xx_hal_tim.o(i.TIM_OC1_SetConfig)
    i.TIM_OC2_SetConfig                      0x08002ebc   Section        0  stm32f1xx_hal_tim.o(i.TIM_OC2_SetConfig)
    i.TIM_OC3_SetConfig                      0x08002f38   Section        0  stm32f1xx_hal_tim.o(i.TIM_OC3_SetConfig)
    TIM_OC3_SetConfig                        0x08002f39   Thumb Code   112  stm32f1xx_hal_tim.o(i.TIM_OC3_SetConfig)
    i.TIM_OC4_SetConfig                      0x08002fb0   Section        0  stm32f1xx_hal_tim.o(i.TIM_OC4_SetConfig)
    TIM_OC4_SetConfig                        0x08002fb1   Thumb Code    74  stm32f1xx_hal_tim.o(i.TIM_OC4_SetConfig)
    i.TIM_TI1_ConfigInputStage               0x08003004   Section        0  stm32f1xx_hal_tim.o(i.TIM_TI1_ConfigInputStage)
    TIM_TI1_ConfigInputStage                 0x08003005   Thumb Code    38  stm32f1xx_hal_tim.o(i.TIM_TI1_ConfigInputStage)
    i.TIM_TI2_ConfigInputStage               0x0800302a   Section        0  stm32f1xx_hal_tim.o(i.TIM_TI2_ConfigInputStage)
    TIM_TI2_ConfigInputStage                 0x0800302b   Thumb Code    40  stm32f1xx_hal_tim.o(i.TIM_TI2_ConfigInputStage)
    i.UART_SetConfig                         0x08003054   Section        0  stm32f1xx_hal_uart.o(i.UART_SetConfig)
    UART_SetConfig                           0x08003055   Thumb Code   248  stm32f1xx_hal_uart.o(i.UART_SetConfig)
    i.UART_WaitOnFlagUntilTimeout            0x08003150   Section        0  stm32f1xx_hal_uart.o(i.UART_WaitOnFlagUntilTimeout)
    UART_WaitOnFlagUntilTimeout              0x08003151   Thumb Code   146  stm32f1xx_hal_uart.o(i.UART_WaitOnFlagUntilTimeout)
    i.USART1_IRQHandler                      0x080031e2   Section        0  stm32f1xx_it.o(i.USART1_IRQHandler)
    i.UsageFault_Handler                     0x080031ea   Section        0  stm32f1xx_it.o(i.UsageFault_Handler)
    i.__NVIC_GetPriorityGrouping             0x080031f0   Section        0  stm32f1xx_hal_cortex.o(i.__NVIC_GetPriorityGrouping)
    __NVIC_GetPriorityGrouping               0x080031f1   Thumb Code    10  stm32f1xx_hal_cortex.o(i.__NVIC_GetPriorityGrouping)
    i.__NVIC_SetPriority                     0x08003200   Section        0  stm32f1xx_hal_cortex.o(i.__NVIC_SetPriority)
    __NVIC_SetPriority                       0x08003201   Thumb Code    32  stm32f1xx_hal_cortex.o(i.__NVIC_SetPriority)
    i.cdce913_check_chip                     0x08003228   Section        0  cdce913.o(i.cdce913_check_chip)
    i.cdce913_config_98MHZ                   0x08003254   Section        0  cdce913.o(i.cdce913_config_98MHZ)
    i.cdce913_read                           0x08003280   Section        0  cdce913.o(i.cdce913_read)
    i.cdce913_send                           0x080032b8   Section        0  cdce913.o(i.cdce913_send)
    i.main                                   0x080032dc   Section        0  main.o(i.main)
    i.max96752_check_chip                    0x08003930   Section        0  max96755.o(i.max96752_check_chip)
    i.max96752_init_config                   0x08003954   Section        0  max96755.o(i.max96752_init_config)
    i.max96752_read                          0x08003984   Section        0  max96755.o(i.max96752_read)
    i.max96752_send                          0x080039c0   Section        0  max96755.o(i.max96752_send)
    i.max96755_apply_screen_preset           0x080039f0   Section        0  max96755.o(i.max96755_apply_screen_preset)
    i.max96755_apply_user_timing             0x08003a44   Section        0  max96755.o(i.max96755_apply_user_timing)
    i.max96755_apply_user_timing_core        0x08003a6c   Section        0  max96755.o(i.max96755_apply_user_timing_core)
    max96755_apply_user_timing_core          0x08003a6d   Thumb Code   754  max96755.o(i.max96755_apply_user_timing_core)
    i.max96755_apply_user_timing_core_full   0x08003d7c   Section        0  max96755.o(i.max96755_apply_user_timing_core_full)
    max96755_apply_user_timing_core_full     0x08003d7d   Thumb Code   602  max96755.o(i.max96755_apply_user_timing_core_full)
    i.max96755_apply_user_timing_full        0x08003fec   Section        0  max96755.o(i.max96755_apply_user_timing_full)
    i.max96755_apply_user_timing_pclk        0x0800401e   Section        0  max96755.o(i.max96755_apply_user_timing_pclk)
    i.max96755_check_chip                    0x08004042   Section        0  max96755.o(i.max96755_check_chip)
    i.max96755_init                          0x08004068   Section        0  max96755.o(i.max96755_init)
    i.max96755_init_config                   0x08004080   Section        0  max96755.o(i.max96755_init_config)
    i.max96755_read                          0x080040b0   Section        0  max96755.o(i.max96755_read)
    i.max96755_send                          0x080040ec   Section        0  max96755.o(i.max96755_send)
    i.max96755_video_RMW_config              0x0800411c   Section        0  max96755.o(i.max96755_video_RMW_config)
    i.sys_init                               0x08004170   Section        0  task.o(i.sys_init)
    i.timing_patch_byte                      0x080041c8   Section        0  max96755.o(i.timing_patch_byte)
    timing_patch_byte                        0x080041c9   Thumb Code    46  max96755.o(i.timing_patch_byte)
    i.timing_patch_u16                       0x080041f6   Section        0  max96755.o(i.timing_patch_u16)
    timing_patch_u16                         0x080041f7   Thumb Code    42  max96755.o(i.timing_patch_u16)
    i.timing_patch_u24                       0x08004220   Section        0  max96755.o(i.timing_patch_u24)
    timing_patch_u24                         0x08004221   Thumb Code    70  max96755.o(i.timing_patch_u24)
    i.waitforiotimeout                       0x08004268   Section        0  main.o(i.waitforiotimeout)
    .constdata                               0x080042ac   Section      142  main.o(.constdata)
    ack                                      0x080042ac   Data          32  main.o(.constdata)
    ack                                      0x080042cc   Data          35  main.o(.constdata)
    ack                                      0x080042ef   Data          40  main.o(.constdata)
    ack                                      0x08004317   Data          35  main.o(.constdata)
    .constdata                               0x0800433a   Section       18  stm32f1xx_hal_rcc.o(.constdata)
    aPLLMULFactorTable                       0x0800433a   Data          16  stm32f1xx_hal_rcc.o(.constdata)
    aPredivFactorTable                       0x0800434a   Data           2  stm32f1xx_hal_rcc.o(.constdata)
    .constdata                               0x0800434c   Section       24  system_stm32f1xx.o(.constdata)
    .constdata                               0x08004364   Section      740  max96755.o(.constdata)
    s_96752_init_config                      0x08004364   Data          40  max96755.o(.constdata)
    s_96755_init_config                      0x0800438c   Data          28  max96755.o(.constdata)
    .constdata                               0x08004648   Section      200  cdce913.o(.constdata)
    cdce913_150MHZ_config                    0x08004648   Data          40  cdce913.o(.constdata)
    cdce913_25MHZ_config                     0x08004670   Data          40  cdce913.o(.constdata)
    cdce913_90MHZ_config                     0x08004698   Data          40  cdce913.o(.constdata)
    cdce913_120MHZ_config                    0x080046c0   Data          40  cdce913.o(.constdata)
    cdce913_98MHZ_config                     0x080046e8   Data          40  cdce913.o(.constdata)
    .data                                    0x20000000   Section       59  main.o(.data)
    __tagsym$$used                           0x20000000   Number         0  main.o(.data)
    state_flag                               0x20000022   Data           1  main.o(.data)
    c_time                                   0x20000024   Data           4  main.o(.data)
    last_c                                   0x20000028   Data           4  main.o(.data)
    c                                        0x2000002c   Data           4  main.o(.data)
    inquire_flag                             0x20000030   Data           1  main.o(.data)
    state                                    0x20000031   Data           1  main.o(.data)
    cmd                                      0x20000032   Data           1  main.o(.data)
    timing_blob8                             0x20000033   Data           8  main.o(.data)
    .data                                    0x2000003c   Section        9  stm32f1xx_hal.o(.data)
    .data                                    0x20000048   Section        4  system_stm32f1xx.o(.data)
    .data                                    0x2000004c   Section        3  task.o(.data)
    .bss                                     0x20000050   Section      260  main.o(.bss)
    timing_blob12                            0x20000134   Data          12  main.o(.bss)
    timing_blob20                            0x20000140   Data          20  main.o(.bss)
    .bss                                     0x20000154   Section      368  max96755.o(.bss)
    work                                     0x20000154   Data         184  max96755.o(.bss)
    work                                     0x2000020c   Data         184  max96755.o(.bss)
    .bss                                     0x200002c4   Section       96  libspace.o(.bss)
    HEAP                                     0x20000328   Section      512  startup_stm32f103xe.o(HEAP)
    Heap_Mem                                 0x20000328   Data         512  startup_stm32f103xe.o(HEAP)
    STACK                                    0x20000528   Section     1024  startup_stm32f103xe.o(STACK)
    Stack_Mem                                0x20000528   Data        1024  startup_stm32f103xe.o(STACK)
    __initial_sp                             0x20000928   Data           0  startup_stm32f103xe.o(STACK)

    Global Symbols

    Symbol Name                              Value     Ov Type        Size  Object(Section)

    BuildAttributes$$THM_ISAv4$P$D$K$B$S$PE$A:L22UL41UL21$X:L11$S22US41US21$IEEE1$IW$USESV6$~STKCKD$USESV7$~SHL$OSPACE$ROPI$EBA8$UX$STANDARDLIB$REQ8$PRES8$EABIv2 0x00000000   Number         0  anon$$obj.o ABSOLUTE
    __ARM_use_no_argv                        0x00000000   Number         0  main.o ABSOLUTE
    __ARM_exceptions_init                     - Undefined Weak Reference
    __alloca_initialize                       - Undefined Weak Reference
    __arm_preinit_                            - Undefined Weak Reference
    __cpp_initialize__aeabi_                  - Undefined Weak Reference
    __cxa_finalize                            - Undefined Weak Reference
    __rt_locale                               - Undefined Weak Reference
    __sigvec_lookup                           - Undefined Weak Reference
    _atexit_init                              - Undefined Weak Reference
    _call_atexit_fns                          - Undefined Weak Reference
    _clock_init                               - Undefined Weak Reference
    _fp_trap_init                             - Undefined Weak Reference
    _fp_trap_shutdown                         - Undefined Weak Reference
    _get_lc_collate                           - Undefined Weak Reference
    _get_lc_ctype                             - Undefined Weak Reference
    _get_lc_monetary                          - Undefined Weak Reference
    _get_lc_numeric                           - Undefined Weak Reference
    _get_lc_time                              - Undefined Weak Reference
    _getenv_init                              - Undefined Weak Reference
    _handle_redirection                       - Undefined Weak Reference
    _init_alloc                               - Undefined Weak Reference
    _init_user_alloc                          - Undefined Weak Reference
    _initio                                   - Undefined Weak Reference
    _rand_init                                - Undefined Weak Reference
    _signal_finish                            - Undefined Weak Reference
    _signal_init                              - Undefined Weak Reference
    _terminate_alloc                          - Undefined Weak Reference
    _terminate_user_alloc                     - Undefined Weak Reference
    _terminateio                              - Undefined Weak Reference
    __Vectors_Size                           0x00000130   Number         0  startup_stm32f103xe.o ABSOLUTE
    __Vectors                                0x08000000   Data           4  startup_stm32f103xe.o(RESET)
    __Vectors_End                            0x08000130   Data           0  startup_stm32f103xe.o(RESET)
    __main                                   0x08000131   Thumb Code     8  __main.o(!!!main)
    __scatterload                            0x08000139   Thumb Code     0  __scatter.o(!!!scatter)
    __scatterload_rt2                        0x08000139   Thumb Code    44  __scatter.o(!!!scatter)
    __scatterload_rt2_thumb_only             0x08000139   Thumb Code     0  __scatter.o(!!!scatter)
    __scatterload_null                       0x08000147   Thumb Code     0  __scatter.o(!!!scatter)
    __scatterload_copy                       0x0800016d   Thumb Code    26  __scatter_copy.o(!!handler_copy)
    __scatterload_zeroinit                   0x08000189   Thumb Code    28  __scatter_zi.o(!!handler_zi)
    __rt_lib_init                            0x080001a5   Thumb Code     0  libinit.o(.ARM.Collect$$libinit$$00000000)
    __rt_lib_init_alloca_1                   0x080001a7   Thumb Code     0  libinit2.o(.ARM.Collect$$libinit$$0000002E)
    __rt_lib_init_argv_1                     0x080001a7   Thumb Code     0  libinit2.o(.ARM.Collect$$libinit$$0000002C)
    __rt_lib_init_atexit_1                   0x080001a7   Thumb Code     0  libinit2.o(.ARM.Collect$$libinit$$0000001B)
    __rt_lib_init_clock_1                    0x080001a7   Thumb Code     0  libinit2.o(.ARM.Collect$$libinit$$00000021)
    __rt_lib_init_cpp_1                      0x080001a7   Thumb Code     0  libinit2.o(.ARM.Collect$$libinit$$00000032)
    __rt_lib_init_exceptions_1               0x080001a7   Thumb Code     0  libinit2.o(.ARM.Collect$$libinit$$00000030)
    __rt_lib_init_fp_1                       0x080001a7   Thumb Code     0  libinit2.o(.ARM.Collect$$libinit$$00000002)
    __rt_lib_init_fp_trap_1                  0x080001a7   Thumb Code     0  libinit2.o(.ARM.Collect$$libinit$$0000001F)
    __rt_lib_init_getenv_1                   0x080001a7   Thumb Code     0  libinit2.o(.ARM.Collect$$libinit$$00000023)
    __rt_lib_init_heap_1                     0x080001a7   Thumb Code     0  libinit2.o(.ARM.Collect$$libinit$$0000000A)
    __rt_lib_init_lc_collate_1               0x080001a7   Thumb Code     0  libinit2.o(.ARM.Collect$$libinit$$00000011)
    __rt_lib_init_lc_ctype_1                 0x080001a7   Thumb Code     0  libinit2.o(.ARM.Collect$$libinit$$00000013)
    __rt_lib_init_lc_monetary_1              0x080001a7   Thumb Code     0  libinit2.o(.ARM.Collect$$libinit$$00000015)
    __rt_lib_init_lc_numeric_1               0x080001a7   Thumb Code     0  libinit2.o(.ARM.Collect$$libinit$$00000017)
    __rt_lib_init_lc_time_1                  0x080001a7   Thumb Code     0  libinit2.o(.ARM.Collect$$libinit$$00000019)
    __rt_lib_init_preinit_1                  0x080001a7   Thumb Code     0  libinit2.o(.ARM.Collect$$libinit$$00000004)
    __rt_lib_init_rand_1                     0x080001a7   Thumb Code     0  libinit2.o(.ARM.Collect$$libinit$$0000000E)
    __rt_lib_init_return                     0x080001a7   Thumb Code     0  libinit2.o(.ARM.Collect$$libinit$$00000033)
    __rt_lib_init_signal_1                   0x080001a7   Thumb Code     0  libinit2.o(.ARM.Collect$$libinit$$0000001D)
    __rt_lib_init_stdio_1                    0x080001a7   Thumb Code     0  libinit2.o(.ARM.Collect$$libinit$$00000025)
    __rt_lib_init_user_alloc_1               0x080001a7   Thumb Code     0  libinit2.o(.ARM.Collect$$libinit$$0000000C)
    __rt_lib_shutdown                        0x080001a9   Thumb Code     0  libshutdown.o(.ARM.Collect$$libshutdown$$00000000)
    __rt_lib_shutdown_cpp_1                  0x080001ab   Thumb Code     0  libshutdown2.o(.ARM.Collect$$libshutdown$$00000002)
    __rt_lib_shutdown_fp_trap_1              0x080001ab   Thumb Code     0  libshutdown2.o(.ARM.Collect$$libshutdown$$00000007)
    __rt_lib_shutdown_heap_1                 0x080001ab   Thumb Code     0  libshutdown2.o(.ARM.Collect$$libshutdown$$0000000F)
    __rt_lib_shutdown_return                 0x080001ab   Thumb Code     0  libshutdown2.o(.ARM.Collect$$libshutdown$$00000010)
    __rt_lib_shutdown_signal_1               0x080001ab   Thumb Code     0  libshutdown2.o(.ARM.Collect$$libshutdown$$0000000A)
    __rt_lib_shutdown_stdio_1                0x080001ab   Thumb Code     0  libshutdown2.o(.ARM.Collect$$libshutdown$$00000004)
    __rt_lib_shutdown_user_alloc_1           0x080001ab   Thumb Code     0  libshutdown2.o(.ARM.Collect$$libshutdown$$0000000C)
    __rt_entry                               0x080001ad   Thumb Code     0  __rtentry.o(.ARM.Collect$$rtentry$$00000000)
    __rt_entry_presh_1                       0x080001ad   Thumb Code     0  __rtentry2.o(.ARM.Collect$$rtentry$$00000002)
    __rt_entry_sh                            0x080001ad   Thumb Code     0  __rtentry4.o(.ARM.Collect$$rtentry$$00000004)
    __rt_entry_li                            0x080001b3   Thumb Code     0  __rtentry2.o(.ARM.Collect$$rtentry$$0000000A)
    __rt_entry_postsh_1                      0x080001b3   Thumb Code     0  __rtentry2.o(.ARM.Collect$$rtentry$$00000009)
    __rt_entry_main                          0x080001b7   Thumb Code     0  __rtentry2.o(.ARM.Collect$$rtentry$$0000000D)
    __rt_entry_postli_1                      0x080001b7   Thumb Code     0  __rtentry2.o(.ARM.Collect$$rtentry$$0000000C)
    __rt_exit                                0x080001bf   Thumb Code     0  rtexit.o(.ARM.Collect$$rtexit$$00000000)
    __rt_exit_ls                             0x080001c1   Thumb Code     0  rtexit2.o(.ARM.Collect$$rtexit$$00000003)
    __rt_exit_prels_1                        0x080001c1   Thumb Code     0  rtexit2.o(.ARM.Collect$$rtexit$$00000002)
    __rt_exit_exit                           0x080001c5   Thumb Code     0  rtexit2.o(.ARM.Collect$$rtexit$$00000004)
    Reset_Handler                            0x080001cd   Thumb Code     8  startup_stm32f103xe.o(.text)
    ADC1_2_IRQHandler                        0x080001e7   Thumb Code     0  startup_stm32f103xe.o(.text)
    ADC3_IRQHandler                          0x080001e7   Thumb Code     0  startup_stm32f103xe.o(.text)
    CAN1_RX1_IRQHandler                      0x080001e7   Thumb Code     0  startup_stm32f103xe.o(.text)
    CAN1_SCE_IRQHandler                      0x080001e7   Thumb Code     0  startup_stm32f103xe.o(.text)
    DMA1_Channel1_IRQHandler                 0x080001e7   Thumb Code     0  startup_stm32f103xe.o(.text)
    DMA1_Channel2_IRQHandler                 0x080001e7   Thumb Code     0  startup_stm32f103xe.o(.text)
    DMA1_Channel3_IRQHandler                 0x080001e7   Thumb Code     0  startup_stm32f103xe.o(.text)
    DMA1_Channel4_IRQHandler                 0x080001e7   Thumb Code     0  startup_stm32f103xe.o(.text)
    DMA1_Channel5_IRQHandler                 0x080001e7   Thumb Code     0  startup_stm32f103xe.o(.text)
    DMA1_Channel6_IRQHandler                 0x080001e7   Thumb Code     0  startup_stm32f103xe.o(.text)
    DMA1_Channel7_IRQHandler                 0x080001e7   Thumb Code     0  startup_stm32f103xe.o(.text)
    DMA2_Channel1_IRQHandler                 0x080001e7   Thumb Code     0  startup_stm32f103xe.o(.text)
    DMA2_Channel2_IRQHandler                 0x080001e7   Thumb Code     0  startup_stm32f103xe.o(.text)
    DMA2_Channel3_IRQHandler                 0x080001e7   Thumb Code     0  startup_stm32f103xe.o(.text)
    DMA2_Channel4_5_IRQHandler               0x080001e7   Thumb Code     0  startup_stm32f103xe.o(.text)
    EXTI0_IRQHandler                         0x080001e7   Thumb Code     0  startup_stm32f103xe.o(.text)
    EXTI15_10_IRQHandler                     0x080001e7   Thumb Code     0  startup_stm32f103xe.o(.text)
    EXTI1_IRQHandler                         0x080001e7   Thumb Code     0  startup_stm32f103xe.o(.text)
    EXTI2_IRQHandler                         0x080001e7   Thumb Code     0  startup_stm32f103xe.o(.text)
    EXTI3_IRQHandler                         0x080001e7   Thumb Code     0  startup_stm32f103xe.o(.text)
    EXTI4_IRQHandler                         0x080001e7   Thumb Code     0  startup_stm32f103xe.o(.text)
    EXTI9_5_IRQHandler                       0x080001e7   Thumb Code     0  startup_stm32f103xe.o(.text)
    FLASH_IRQHandler                         0x080001e7   Thumb Code     0  startup_stm32f103xe.o(.text)
    FSMC_IRQHandler                          0x080001e7   Thumb Code     0  startup_stm32f103xe.o(.text)
    I2C1_ER_IRQHandler                       0x080001e7   Thumb Code     0  startup_stm32f103xe.o(.text)
    I2C1_EV_IRQHandler                       0x080001e7   Thumb Code     0  startup_stm32f103xe.o(.text)
    I2C2_ER_IRQHandler                       0x080001e7   Thumb Code     0  startup_stm32f103xe.o(.text)
    I2C2_EV_IRQHandler                       0x080001e7   Thumb Code     0  startup_stm32f103xe.o(.text)
    PVD_IRQHandler                           0x080001e7   Thumb Code     0  startup_stm32f103xe.o(.text)
    RCC_IRQHandler                           0x080001e7   Thumb Code     0  startup_stm32f103xe.o(.text)
    RTC_Alarm_IRQHandler                     0x080001e7   Thumb Code     0  startup_stm32f103xe.o(.text)
    RTC_IRQHandler                           0x080001e7   Thumb Code     0  startup_stm32f103xe.o(.text)
    SDIO_IRQHandler                          0x080001e7   Thumb Code     0  startup_stm32f103xe.o(.text)
    SPI1_IRQHandler                          0x080001e7   Thumb Code     0  startup_stm32f103xe.o(.text)
    SPI2_IRQHandler                          0x080001e7   Thumb Code     0  startup_stm32f103xe.o(.text)
    SPI3_IRQHandler                          0x080001e7   Thumb Code     0  startup_stm32f103xe.o(.text)
    TAMPER_IRQHandler                        0x080001e7   Thumb Code     0  startup_stm32f103xe.o(.text)
    TIM1_BRK_IRQHandler                      0x080001e7   Thumb Code     0  startup_stm32f103xe.o(.text)
    TIM1_CC_IRQHandler                       0x080001e7   Thumb Code     0  startup_stm32f103xe.o(.text)
    TIM1_TRG_COM_IRQHandler                  0x080001e7   Thumb Code     0  startup_stm32f103xe.o(.text)
    TIM1_UP_IRQHandler                       0x080001e7   Thumb Code     0  startup_stm32f103xe.o(.text)
    TIM2_IRQHandler                          0x080001e7   Thumb Code     0  startup_stm32f103xe.o(.text)
    TIM3_IRQHandler                          0x080001e7   Thumb Code     0  startup_stm32f103xe.o(.text)
    TIM4_IRQHandler                          0x080001e7   Thumb Code     0  startup_stm32f103xe.o(.text)
    TIM5_IRQHandler                          0x080001e7   Thumb Code     0  startup_stm32f103xe.o(.text)
    TIM6_IRQHandler                          0x080001e7   Thumb Code     0  startup_stm32f103xe.o(.text)
    TIM7_IRQHandler                          0x080001e7   Thumb Code     0  startup_stm32f103xe.o(.text)
    TIM8_BRK_IRQHandler                      0x080001e7   Thumb Code     0  startup_stm32f103xe.o(.text)
    TIM8_CC_IRQHandler                       0x080001e7   Thumb Code     0  startup_stm32f103xe.o(.text)
    TIM8_TRG_COM_IRQHandler                  0x080001e7   Thumb Code     0  startup_stm32f103xe.o(.text)
    TIM8_UP_IRQHandler                       0x080001e7   Thumb Code     0  startup_stm32f103xe.o(.text)
    UART4_IRQHandler                         0x080001e7   Thumb Code     0  startup_stm32f103xe.o(.text)
    UART5_IRQHandler                         0x080001e7   Thumb Code     0  startup_stm32f103xe.o(.text)
    USART2_IRQHandler                        0x080001e7   Thumb Code     0  startup_stm32f103xe.o(.text)
    USART3_IRQHandler                        0x080001e7   Thumb Code     0  startup_stm32f103xe.o(.text)
    USBWakeUp_IRQHandler                     0x080001e7   Thumb Code     0  startup_stm32f103xe.o(.text)
    USB_HP_CAN1_TX_IRQHandler                0x080001e7   Thumb Code     0  startup_stm32f103xe.o(.text)
    USB_LP_CAN1_RX0_IRQHandler               0x080001e7   Thumb Code     0  startup_stm32f103xe.o(.text)
    WWDG_IRQHandler                          0x080001e7   Thumb Code     0  startup_stm32f103xe.o(.text)
    __user_initial_stackheap                 0x080001e9   Thumb Code     0  startup_stm32f103xe.o(.text)
    __aeabi_uldivmod                         0x0800020d   Thumb Code     0  lludivv7m.o(.text)
    _ll_udiv                                 0x0800020d   Thumb Code   238  lludivv7m.o(.text)
    __aeabi_memcpy                           0x080002fb   Thumb Code     0  rt_memcpy_v6.o(.text)
    __rt_memcpy                              0x080002fb   Thumb Code   138  rt_memcpy_v6.o(.text)
    _memcpy_lastbytes                        0x08000361   Thumb Code     0  rt_memcpy_v6.o(.text)
    __aeabi_memclr4                          0x08000385   Thumb Code     0  rt_memclr_w.o(.text)
    __aeabi_memclr8                          0x08000385   Thumb Code     0  rt_memclr_w.o(.text)
    __rt_memclr_w                            0x08000385   Thumb Code    78  rt_memclr_w.o(.text)
    _memset_w                                0x08000389   Thumb Code     0  rt_memclr_w.o(.text)
    __use_two_region_memory                  0x080003d3   Thumb Code     2  heapauxi.o(.text)
    __rt_heap_escrow$2region                 0x080003d5   Thumb Code     2  heapauxi.o(.text)
    __rt_heap_expand$2region                 0x080003d7   Thumb Code     2  heapauxi.o(.text)
    __aeabi_memcpy4                          0x080003d9   Thumb Code     0  rt_memcpy_w.o(.text)
    __aeabi_memcpy8                          0x080003d9   Thumb Code     0  rt_memcpy_w.o(.text)
    __rt_memcpy_w                            0x080003d9   Thumb Code   100  rt_memcpy_w.o(.text)
    _memcpy_lastbytes_aligned                0x08000421   Thumb Code     0  rt_memcpy_w.o(.text)
    __user_setup_stackheap                   0x0800043d   Thumb Code    74  sys_stackheap_outer.o(.text)
    exit                                     0x08000487   Thumb Code    18  exit.o(.text)
    __user_libspace                          0x08000499   Thumb Code     8  libspace.o(.text)
    __user_perproc_libspace                  0x08000499   Thumb Code     0  libspace.o(.text)
    __user_perthread_libspace                0x08000499   Thumb Code     0  libspace.o(.text)
    _sys_exit                                0x080004a1   Thumb Code     8  sys_exit.o(.text)
    __I$use$semihosting                      0x080004ad   Thumb Code     0  use_no_semi.o(.text)
    __use_no_semihosting_swi                 0x080004ad   Thumb Code     2  use_no_semi.o(.text)
    BusFault_Handler                         0x080004af   Thumb Code     4  stm32f1xx_it.o(i.BusFault_Handler)
    __semihosting_library_function           0x080004af   Thumb Code     0  indicate_semi.o(.text)
    Custom_UART_RX_Handler                   0x080004b5   Thumb Code  1394  main.o(i.Custom_UART_RX_Handler)
    DISEN_BL                                 0x08000a61   Thumb Code    14  task.o(i.DISEN_BL)
    DebugMon_Handler                         0x08000a75   Thumb Code     2  stm32f1xx_it.o(i.DebugMon_Handler)
    EN_BL                                    0x08000a79   Thumb Code    14  task.o(i.EN_BL)
    EN_VDD2                                  0x08000a8d   Thumb Code    42  task.o(i.EN_VDD2)
    Error_Handler                            0x08000abd   Thumb Code     6  main.o(i.Error_Handler)
    HAL_Delay                                0x08000ac5   Thumb Code    36  stm32f1xx_hal.o(i.HAL_Delay)
    HAL_GPIO_Init                            0x08000aed   Thumb Code   792  stm32f1xx_hal_gpio.o(i.HAL_GPIO_Init)
    HAL_GPIO_ReadPin                         0x08000e2d   Thumb Code    16  stm32f1xx_hal_gpio.o(i.HAL_GPIO_ReadPin)
    HAL_GPIO_WritePin                        0x08000e3d   Thumb Code    12  stm32f1xx_hal_gpio.o(i.HAL_GPIO_WritePin)
    HAL_GetTick                              0x08000e49   Thumb Code     6  stm32f1xx_hal.o(i.HAL_GetTick)
    HAL_I2C_Init                             0x08000e55   Thumb Code   446  stm32f1xx_hal_i2c.o(i.HAL_I2C_Init)
    HAL_I2C_Master_Receive                   0x08001025   Thumb Code   858  stm32f1xx_hal_i2c.o(i.HAL_I2C_Master_Receive)
    HAL_I2C_Master_Transmit                  0x08001391   Thumb Code   360  stm32f1xx_hal_i2c.o(i.HAL_I2C_Master_Transmit)
    HAL_I2C_MspInit                          0x08001501   Thumb Code   104  stm32f1xx_hal_msp.o(i.HAL_I2C_MspInit)
    HAL_IncTick                              0x08001575   Thumb Code    16  stm32f1xx_hal.o(i.HAL_IncTick)
    HAL_Init                                 0x0800158d   Thumb Code    34  stm32f1xx_hal.o(i.HAL_Init)
    HAL_InitTick                             0x080015b5   Thumb Code    64  stm32f1xx_hal.o(i.HAL_InitTick)
    HAL_MspInit                              0x08001601   Thumb Code    76  stm32f1xx_hal_msp.o(i.HAL_MspInit)
    HAL_NVIC_EnableIRQ                       0x08001655   Thumb Code    32  stm32f1xx_hal_cortex.o(i.HAL_NVIC_EnableIRQ)
    HAL_NVIC_SetPriority                     0x08001675   Thumb Code   124  stm32f1xx_hal_cortex.o(i.HAL_NVIC_SetPriority)
    HAL_NVIC_SetPriorityGrouping             0x080016f1   Thumb Code    32  stm32f1xx_hal_cortex.o(i.HAL_NVIC_SetPriorityGrouping)
    HAL_RCC_ClockConfig                      0x08001719   Thumb Code   378  stm32f1xx_hal_rcc.o(i.HAL_RCC_ClockConfig)
    HAL_RCC_GetHCLKFreq                      0x080018a9   Thumb Code     6  stm32f1xx_hal_rcc.o(i.HAL_RCC_GetHCLKFreq)
    HAL_RCC_GetPCLK1Freq                     0x080018b5   Thumb Code    24  stm32f1xx_hal_rcc.o(i.HAL_RCC_GetPCLK1Freq)
    HAL_RCC_GetPCLK2Freq                     0x080018d5   Thumb Code    24  stm32f1xx_hal_rcc.o(i.HAL_RCC_GetPCLK2Freq)
    HAL_RCC_GetSysClockFreq                  0x080018f5   Thumb Code    96  stm32f1xx_hal_rcc.o(i.HAL_RCC_GetSysClockFreq)
    HAL_RCC_MCOConfig                        0x08001969   Thumb Code    92  stm32f1xx_hal_rcc.o(i.HAL_RCC_MCOConfig)
    HAL_RCC_OscConfig                        0x080019cd   Thumb Code  1114  stm32f1xx_hal_rcc.o(i.HAL_RCC_OscConfig)
    HAL_SYSTICK_Config                       0x08001e31   Thumb Code    52  stm32f1xx_hal_cortex.o(i.HAL_SYSTICK_Config)
    HAL_TIMEx_MasterConfigSynchronization    0x08001e65   Thumb Code   134  stm32f1xx_hal_tim_ex.o(i.HAL_TIMEx_MasterConfigSynchronization)
    HAL_TIM_Base_Init                        0x08001f01   Thumb Code   102  stm32f1xx_hal_tim.o(i.HAL_TIM_Base_Init)
    HAL_TIM_Base_MspInit                     0x08001f69   Thumb Code    40  stm32f1xx_hal_msp.o(i.HAL_TIM_Base_MspInit)
    HAL_TIM_ConfigClockSource                0x08001f99   Thumb Code   268  stm32f1xx_hal_tim.o(i.HAL_TIM_ConfigClockSource)
    HAL_TIM_MspPostInit                      0x080020a5   Thumb Code    96  stm32f1xx_hal_msp.o(i.HAL_TIM_MspPostInit)
    HAL_TIM_PWM_ConfigChannel                0x08002115   Thumb Code   260  stm32f1xx_hal_tim.o(i.HAL_TIM_PWM_ConfigChannel)
    HAL_TIM_PWM_Init                         0x08002219   Thumb Code   102  stm32f1xx_hal_tim.o(i.HAL_TIM_PWM_Init)
    HAL_TIM_PWM_MspInit                      0x0800227f   Thumb Code     2  stm32f1xx_hal_tim.o(i.HAL_TIM_PWM_MspInit)
    HAL_TIM_PWM_Start                        0x08002281   Thumb Code   222  stm32f1xx_hal_tim.o(i.HAL_TIM_PWM_Start)
    HAL_UART_Init                            0x08002375   Thumb Code   118  stm32f1xx_hal_uart.o(i.HAL_UART_Init)
    HAL_UART_MspInit                         0x080023ed   Thumb Code   122  stm32f1xx_hal_msp.o(i.HAL_UART_MspInit)
    HAL_UART_Transmit                        0x08002475   Thumb Code   178  stm32f1xx_hal_uart.o(i.HAL_UART_Transmit)
    HardFault_Handler                        0x08002527   Thumb Code     4  stm32f1xx_it.o(i.HardFault_Handler)
    MemManage_Handler                        0x08002cb1   Thumb Code     4  stm32f1xx_it.o(i.MemManage_Handler)
    NMI_Handler                              0x08002cb5   Thumb Code     4  stm32f1xx_it.o(i.NMI_Handler)
    PendSV_Handler                           0x08002cb9   Thumb Code     2  stm32f1xx_it.o(i.PendSV_Handler)
    SVC_Handler                              0x08002ce5   Thumb Code     2  stm32f1xx_it.o(i.SVC_Handler)
    SysTick_Handler                          0x08002ce7   Thumb Code     8  stm32f1xx_it.o(i.SysTick_Handler)
    SystemClock_Config                       0x08002cef   Thumb Code   114  main.o(i.SystemClock_Config)
    SystemInit                               0x08002d61   Thumb Code     2  system_stm32f1xx.o(i.SystemInit)
    TIM_Base_SetConfig                       0x08002d65   Thumb Code   134  stm32f1xx_hal_tim.o(i.TIM_Base_SetConfig)
    TIM_CCxChannelCmd                        0x08002e01   Thumb Code    34  stm32f1xx_hal_tim.o(i.TIM_CCxChannelCmd)
    TIM_ETR_SetConfig                        0x08002e23   Thumb Code    22  stm32f1xx_hal_tim.o(i.TIM_ETR_SetConfig)
    TIM_OC2_SetConfig                        0x08002ebd   Thumb Code   114  stm32f1xx_hal_tim.o(i.TIM_OC2_SetConfig)
    USART1_IRQHandler                        0x080031e3   Thumb Code     8  stm32f1xx_it.o(i.USART1_IRQHandler)
    UsageFault_Handler                       0x080031eb   Thumb Code     4  stm32f1xx_it.o(i.UsageFault_Handler)
    cdce913_check_chip                       0x08003229   Thumb Code    42  cdce913.o(i.cdce913_check_chip)
    cdce913_config_98MHZ                     0x08003255   Thumb Code    40  cdce913.o(i.cdce913_config_98MHZ)
    cdce913_read                             0x08003281   Thumb Code    50  cdce913.o(i.cdce913_read)
    cdce913_send                             0x080032b9   Thumb Code    32  cdce913.o(i.cdce913_send)
    main                                     0x080032dd   Thumb Code  1550  main.o(i.main)
    max96752_check_chip                      0x08003931   Thumb Code    36  max96755.o(i.max96752_check_chip)
    max96752_init_config                     0x08003955   Thumb Code    44  max96755.o(i.max96752_init_config)
    max96752_read                            0x08003985   Thumb Code    54  max96755.o(i.max96752_read)
    max96752_send                            0x080039c1   Thumb Code    42  max96755.o(i.max96752_send)
    max96755_apply_screen_preset             0x080039f1   Thumb Code    68  max96755.o(i.max96755_apply_screen_preset)
    max96755_apply_user_timing               0x08003a45   Thumb Code    36  max96755.o(i.max96755_apply_user_timing)
    max96755_apply_user_timing_full          0x08003fed   Thumb Code    50  max96755.o(i.max96755_apply_user_timing_full)
    max96755_apply_user_timing_pclk          0x0800401f   Thumb Code    36  max96755.o(i.max96755_apply_user_timing_pclk)
    max96755_check_chip                      0x08004043   Thumb Code    36  max96755.o(i.max96755_check_chip)
    max96755_init                            0x08004069   Thumb Code    20  max96755.o(i.max96755_init)
    max96755_init_config                     0x08004081   Thumb Code    44  max96755.o(i.max96755_init_config)
    max96755_read                            0x080040b1   Thumb Code    54  max96755.o(i.max96755_read)
    max96755_send                            0x080040ed   Thumb Code    42  max96755.o(i.max96755_send)
    max96755_video_RMW_config                0x0800411d   Thumb Code    84  max96755.o(i.max96755_video_RMW_config)
    sys_init                                 0x08004171   Thumb Code    82  task.o(i.sys_init)
    waitforiotimeout                         0x08004269   Thumb Code    62  main.o(i.waitforiotimeout)
    AHBPrescTable                            0x0800434c   Data          16  system_stm32f1xx.o(.constdata)
    APBPrescTable                            0x0800435c   Data           8  system_stm32f1xx.o(.constdata)
    s_96755_video_RMW_config_1920_color_bar  0x080043a8   Data         152  max96755.o(.constdata)
    s_96755_video_RMW_config_1920_check_board 0x08004440   Data         184  max96755.o(.constdata)
    s_96755_video_RMW_config_880_color_bar   0x080044f8   Data         152  max96755.o(.constdata)
    s_96755_video_RMW_config_880_check_board 0x08004590   Data         184  max96755.o(.constdata)
    Region$$Table$$Base                      0x08004710   Number         0  anon$$obj.o(Region$$Table)
    Region$$Table$$Limit                     0x08004730   Number         0  anon$$obj.o(Region$$Table)
    i                                        0x20000000   Data           8  main.o(.data)
    rx_cmd_ready                             0x20000008   Data           1  main.o(.data)
    rx_cmd_val                               0x20000009   Data           1  main.o(.data)
    rx_screen_res                            0x2000000a   Data           1  main.o(.data)
    rx_lvds_mode                             0x2000000b   Data           1  main.o(.data)
    rx_screen_pattern                        0x2000000c   Data           1  main.o(.data)
    rx_timing_ha                             0x2000000e   Data           2  main.o(.data)
    rx_timing_va                             0x20000010   Data           2  main.o(.data)
    rx_timing_fps_x10                        0x20000012   Data           2  main.o(.data)
    rx_timing_pclk_hz                        0x20000014   Data           4  main.o(.data)
    rx_timing_hbp                            0x20000018   Data           2  main.o(.data)
    rx_timing_hfp                            0x2000001a   Data           2  main.o(.data)
    rx_timing_vbp                            0x2000001c   Data           2  main.o(.data)
    rx_timing_vfp                            0x2000001e   Data           2  main.o(.data)
    rx_timing_lvds                           0x20000020   Data           1  main.o(.data)
    rx_timing_pattern                        0x20000021   Data           1  main.o(.data)
    uwTick                                   0x2000003c   Data           4  stm32f1xx_hal.o(.data)
    uwTickPrio                               0x20000040   Data           4  stm32f1xx_hal.o(.data)
    uwTickFreq                               0x20000044   Data           1  stm32f1xx_hal.o(.data)
    SystemCoreClock                          0x20000048   Data           4  system_stm32f1xx.o(.data)
    sys_check_state                          0x2000004c   Data           3  task.o(.data)
    hi2c1                                    0x20000050   Data          84  main.o(.bss)
    htim3                                    0x200000a4   Data          72  main.o(.bss)
    huart1                                   0x200000ec   Data          72  main.o(.bss)
    __libspace_start                         0x200002c4   Data          96  libspace.o(.bss)
    __temporary_stack_top$libspace           0x20000324   Data           0  libspace.o(.bss)



==============================================================================

Memory Map of the image

  Image Entry point : 0x08000131

  Load Region LR_IROM1 (Base: 0x08000000, Size: 0x00004780, Max: 0x00040000, ABSOLUTE)

    Execution Region ER_IROM1 (Exec base: 0x08000000, Load base: 0x08000000, Size: 0x00004730, Max: 0x00040000, ABSOLUTE)

    Exec Addr    Load Addr    Size         Type   Attr      Idx    E Section Name        Object

    0x08000000   0x08000000   0x00000130   Data   RO            3    RESET               startup_stm32f103xe.o
    0x08000130   0x08000130   0x00000008   Code   RO         3575  * !!!main             c_w.l(__main.o)
    0x08000138   0x08000138   0x00000034   Code   RO         3744    !!!scatter          c_w.l(__scatter.o)
    0x0800016c   0x0800016c   0x0000001a   Code   RO         3746    !!handler_copy      c_w.l(__scatter_copy.o)
    0x08000186   0x08000186   0x00000002   PAD
    0x08000188   0x08000188   0x0000001c   Code   RO         3748    !!handler_zi        c_w.l(__scatter_zi.o)
    0x080001a4   0x080001a4   0x00000002   Code   RO         3614    .ARM.Collect$$libinit$$00000000  c_w.l(libinit.o)
    0x080001a6   0x080001a6   0x00000000   Code   RO         3627    .ARM.Collect$$libinit$$00000002  c_w.l(libinit2.o)
    0x080001a6   0x080001a6   0x00000000   Code   RO         3629    .ARM.Collect$$libinit$$00000004  c_w.l(libinit2.o)
    0x080001a6   0x080001a6   0x00000000   Code   RO         3632    .ARM.Collect$$libinit$$0000000A  c_w.l(libinit2.o)
    0x080001a6   0x080001a6   0x00000000   Code   RO         3634    .ARM.Collect$$libinit$$0000000C  c_w.l(libinit2.o)
    0x080001a6   0x080001a6   0x00000000   Code   RO         3636    .ARM.Collect$$libinit$$0000000E  c_w.l(libinit2.o)
    0x080001a6   0x080001a6   0x00000000   Code   RO         3639    .ARM.Collect$$libinit$$00000011  c_w.l(libinit2.o)
    0x080001a6   0x080001a6   0x00000000   Code   RO         3641    .ARM.Collect$$libinit$$00000013  c_w.l(libinit2.o)
    0x080001a6   0x080001a6   0x00000000   Code   RO         3643    .ARM.Collect$$libinit$$00000015  c_w.l(libinit2.o)
    0x080001a6   0x080001a6   0x00000000   Code   RO         3645    .ARM.Collect$$libinit$$00000017  c_w.l(libinit2.o)
    0x080001a6   0x080001a6   0x00000000   Code   RO         3647    .ARM.Collect$$libinit$$00000019  c_w.l(libinit2.o)
    0x080001a6   0x080001a6   0x00000000   Code   RO         3649    .ARM.Collect$$libinit$$0000001B  c_w.l(libinit2.o)
    0x080001a6   0x080001a6   0x00000000   Code   RO         3651    .ARM.Collect$$libinit$$0000001D  c_w.l(libinit2.o)
    0x080001a6   0x080001a6   0x00000000   Code   RO         3653    .ARM.Collect$$libinit$$0000001F  c_w.l(libinit2.o)
    0x080001a6   0x080001a6   0x00000000   Code   RO         3655    .ARM.Collect$$libinit$$00000021  c_w.l(libinit2.o)
    0x080001a6   0x080001a6   0x00000000   Code   RO         3657    .ARM.Collect$$libinit$$00000023  c_w.l(libinit2.o)
    0x080001a6   0x080001a6   0x00000000   Code   RO         3659    .ARM.Collect$$libinit$$00000025  c_w.l(libinit2.o)
    0x080001a6   0x080001a6   0x00000000   Code   RO         3663    .ARM.Collect$$libinit$$0000002C  c_w.l(libinit2.o)
    0x080001a6   0x080001a6   0x00000000   Code   RO         3665    .ARM.Collect$$libinit$$0000002E  c_w.l(libinit2.o)
    0x080001a6   0x080001a6   0x00000000   Code   RO         3667    .ARM.Collect$$libinit$$00000030  c_w.l(libinit2.o)
    0x080001a6   0x080001a6   0x00000000   Code   RO         3669    .ARM.Collect$$libinit$$00000032  c_w.l(libinit2.o)
    0x080001a6   0x080001a6   0x00000002   Code   RO         3670    .ARM.Collect$$libinit$$00000033  c_w.l(libinit2.o)
    0x080001a8   0x080001a8   0x00000002   Code   RO         3701    .ARM.Collect$$libshutdown$$00000000  c_w.l(libshutdown.o)
    0x080001aa   0x080001aa   0x00000000   Code   RO         3727    .ARM.Collect$$libshutdown$$00000002  c_w.l(libshutdown2.o)
    0x080001aa   0x080001aa   0x00000000   Code   RO         3729    .ARM.Collect$$libshutdown$$00000004  c_w.l(libshutdown2.o)
    0x080001aa   0x080001aa   0x00000000   Code   RO         3732    .ARM.Collect$$libshutdown$$00000007  c_w.l(libshutdown2.o)
    0x080001aa   0x080001aa   0x00000000   Code   RO         3735    .ARM.Collect$$libshutdown$$0000000A  c_w.l(libshutdown2.o)
    0x080001aa   0x080001aa   0x00000000   Code   RO         3737    .ARM.Collect$$libshutdown$$0000000C  c_w.l(libshutdown2.o)
    0x080001aa   0x080001aa   0x00000000   Code   RO         3740    .ARM.Collect$$libshutdown$$0000000F  c_w.l(libshutdown2.o)
    0x080001aa   0x080001aa   0x00000002   Code   RO         3741    .ARM.Collect$$libshutdown$$00000010  c_w.l(libshutdown2.o)
    0x080001ac   0x080001ac   0x00000000   Code   RO         3577    .ARM.Collect$$rtentry$$00000000  c_w.l(__rtentry.o)
    0x080001ac   0x080001ac   0x00000000   Code   RO         3585    .ARM.Collect$$rtentry$$00000002  c_w.l(__rtentry2.o)
    0x080001ac   0x080001ac   0x00000006   Code   RO         3597    .ARM.Collect$$rtentry$$00000004  c_w.l(__rtentry4.o)
    0x080001b2   0x080001b2   0x00000000   Code   RO         3587    .ARM.Collect$$rtentry$$00000009  c_w.l(__rtentry2.o)
    0x080001b2   0x080001b2   0x00000004   Code   RO         3588    .ARM.Collect$$rtentry$$0000000A  c_w.l(__rtentry2.o)
    0x080001b6   0x080001b6   0x00000000   Code   RO         3590    .ARM.Collect$$rtentry$$0000000C  c_w.l(__rtentry2.o)
    0x080001b6   0x080001b6   0x00000008   Code   RO         3591    .ARM.Collect$$rtentry$$0000000D  c_w.l(__rtentry2.o)
    0x080001be   0x080001be   0x00000002   Code   RO         3618    .ARM.Collect$$rtexit$$00000000  c_w.l(rtexit.o)
    0x080001c0   0x080001c0   0x00000000   Code   RO         3674    .ARM.Collect$$rtexit$$00000002  c_w.l(rtexit2.o)
    0x080001c0   0x080001c0   0x00000004   Code   RO         3675    .ARM.Collect$$rtexit$$00000003  c_w.l(rtexit2.o)
    0x080001c4   0x080001c4   0x00000006   Code   RO         3676    .ARM.Collect$$rtexit$$00000004  c_w.l(rtexit2.o)
    0x080001ca   0x080001ca   0x00000002   PAD
    0x080001cc   0x080001cc   0x00000040   Code   RO            4    .text               startup_stm32f103xe.o
    0x0800020c   0x0800020c   0x000000ee   Code   RO         3565    .text               c_w.l(lludivv7m.o)
    0x080002fa   0x080002fa   0x0000008a   Code   RO         3569    .text               c_w.l(rt_memcpy_v6.o)
    0x08000384   0x08000384   0x0000004e   Code   RO         3571    .text               c_w.l(rt_memclr_w.o)
    0x080003d2   0x080003d2   0x00000006   Code   RO         3573    .text               c_w.l(heapauxi.o)
    0x080003d8   0x080003d8   0x00000064   Code   RO         3582    .text               c_w.l(rt_memcpy_w.o)
    0x0800043c   0x0800043c   0x0000004a   Code   RO         3601    .text               c_w.l(sys_stackheap_outer.o)
    0x08000486   0x08000486   0x00000012   Code   RO         3603    .text               c_w.l(exit.o)
    0x08000498   0x08000498   0x00000008   Code   RO         3615    .text               c_w.l(libspace.o)
    0x080004a0   0x080004a0   0x0000000c   Code   RO         3671    .text               c_w.l(sys_exit.o)
    0x080004ac   0x080004ac   0x00000002   Code   RO         3690    .text               c_w.l(use_no_semi.o)
    0x080004ae   0x080004ae   0x00000000   Code   RO         3692    .text               c_w.l(indicate_semi.o)
    0x080004ae   0x080004ae   0x00000004   Code   RO          184    i.BusFault_Handler  stm32f1xx_it.o
    0x080004b2   0x080004b2   0x00000002   PAD
    0x080004b4   0x080004b4   0x000005ac   Code   RO           13    i.Custom_UART_RX_Handler  main.o
    0x08000a60   0x08000a60   0x00000014   Code   RO         3384    i.DISEN_BL          task.o
    0x08000a74   0x08000a74   0x00000002   Code   RO          185    i.DebugMon_Handler  stm32f1xx_it.o
    0x08000a76   0x08000a76   0x00000002   PAD
    0x08000a78   0x08000a78   0x00000014   Code   RO         3385    i.EN_BL             task.o
    0x08000a8c   0x08000a8c   0x00000030   Code   RO         3387    i.EN_VDD2           task.o
    0x08000abc   0x08000abc   0x00000006   Code   RO           14    i.Error_Handler     main.o
    0x08000ac2   0x08000ac2   0x00000002   PAD
    0x08000ac4   0x08000ac4   0x00000028   Code   RO          851    i.HAL_Delay         stm32f1xx_hal.o
    0x08000aec   0x08000aec   0x00000340   Code   RO         1166    i.HAL_GPIO_Init     stm32f1xx_hal_gpio.o
    0x08000e2c   0x08000e2c   0x00000010   Code   RO         1168    i.HAL_GPIO_ReadPin  stm32f1xx_hal_gpio.o
    0x08000e3c   0x08000e3c   0x0000000c   Code   RO         1170    i.HAL_GPIO_WritePin  stm32f1xx_hal_gpio.o
    0x08000e48   0x08000e48   0x0000000c   Code   RO          855    i.HAL_GetTick       stm32f1xx_hal.o
    0x08000e54   0x08000e54   0x000001d0   Code   RO          378    i.HAL_I2C_Init      stm32f1xx_hal_i2c.o
    0x08001024   0x08001024   0x0000036c   Code   RO          384    i.HAL_I2C_Master_Receive  stm32f1xx_hal_i2c.o
    0x08001390   0x08001390   0x00000170   Code   RO          391    i.HAL_I2C_Master_Transmit  stm32f1xx_hal_i2c.o
    0x08001500   0x08001500   0x00000074   Code   RO          266    i.HAL_I2C_MspInit   stm32f1xx_hal_msp.o
    0x08001574   0x08001574   0x00000018   Code   RO          861    i.HAL_IncTick       stm32f1xx_hal.o
    0x0800158c   0x0800158c   0x00000028   Code   RO          862    i.HAL_Init          stm32f1xx_hal.o
    0x080015b4   0x080015b4   0x0000004c   Code   RO          863    i.HAL_InitTick      stm32f1xx_hal.o
    0x08001600   0x08001600   0x00000054   Code   RO          267    i.HAL_MspInit       stm32f1xx_hal_msp.o
    0x08001654   0x08001654   0x00000020   Code   RO         1326    i.HAL_NVIC_EnableIRQ  stm32f1xx_hal_cortex.o
    0x08001674   0x08001674   0x0000007c   Code   RO         1332    i.HAL_NVIC_SetPriority  stm32f1xx_hal_cortex.o
    0x080016f0   0x080016f0   0x00000028   Code   RO         1333    i.HAL_NVIC_SetPriorityGrouping  stm32f1xx_hal_cortex.o
    0x08001718   0x08001718   0x00000190   Code   RO         1019    i.HAL_RCC_ClockConfig  stm32f1xx_hal_rcc.o
    0x080018a8   0x080018a8   0x0000000c   Code   RO         1024    i.HAL_RCC_GetHCLKFreq  stm32f1xx_hal_rcc.o
    0x080018b4   0x080018b4   0x00000020   Code   RO         1026    i.HAL_RCC_GetPCLK1Freq  stm32f1xx_hal_rcc.o
    0x080018d4   0x080018d4   0x00000020   Code   RO         1027    i.HAL_RCC_GetPCLK2Freq  stm32f1xx_hal_rcc.o
    0x080018f4   0x080018f4   0x00000074   Code   RO         1028    i.HAL_RCC_GetSysClockFreq  stm32f1xx_hal_rcc.o
    0x08001968   0x08001968   0x00000064   Code   RO         1029    i.HAL_RCC_MCOConfig  stm32f1xx_hal_rcc.o
    0x080019cc   0x080019cc   0x00000464   Code   RO         1031    i.HAL_RCC_OscConfig  stm32f1xx_hal_rcc.o
    0x08001e30   0x08001e30   0x00000034   Code   RO         1337    i.HAL_SYSTICK_Config  stm32f1xx_hal_cortex.o
    0x08001e64   0x08001e64   0x0000009c   Code   RO         2588    i.HAL_TIMEx_MasterConfigSynchronization  stm32f1xx_hal_tim_ex.o
    0x08001f00   0x08001f00   0x00000066   Code   RO         1854    i.HAL_TIM_Base_Init  stm32f1xx_hal_tim.o
    0x08001f66   0x08001f66   0x00000002   PAD
    0x08001f68   0x08001f68   0x00000030   Code   RO          269    i.HAL_TIM_Base_MspInit  stm32f1xx_hal_msp.o
    0x08001f98   0x08001f98   0x0000010c   Code   RO         1863    i.HAL_TIM_ConfigClockSource  stm32f1xx_hal_tim.o
    0x080020a4   0x080020a4   0x00000070   Code   RO          270    i.HAL_TIM_MspPostInit  stm32f1xx_hal_msp.o
    0x08002114   0x08002114   0x00000104   Code   RO         1926    i.HAL_TIM_PWM_ConfigChannel  stm32f1xx_hal_tim.o
    0x08002218   0x08002218   0x00000066   Code   RO         1929    i.HAL_TIM_PWM_Init  stm32f1xx_hal_tim.o
    0x0800227e   0x0800227e   0x00000002   Code   RO         1931    i.HAL_TIM_PWM_MspInit  stm32f1xx_hal_tim.o
    0x08002280   0x08002280   0x000000f4   Code   RO         1934    i.HAL_TIM_PWM_Start  stm32f1xx_hal_tim.o
    0x08002374   0x08002374   0x00000076   Code   RO         2866    i.HAL_UART_Init     stm32f1xx_hal_uart.o
    0x080023ea   0x080023ea   0x00000002   PAD
    0x080023ec   0x080023ec   0x00000088   Code   RO          272    i.HAL_UART_MspInit  stm32f1xx_hal_msp.o
    0x08002474   0x08002474   0x000000b2   Code   RO         2874    i.HAL_UART_Transmit  stm32f1xx_hal_uart.o
    0x08002526   0x08002526   0x00000004   Code   RO          186    i.HardFault_Handler  stm32f1xx_it.o
    0x0800252a   0x0800252a   0x0000003e   Code   RO          422    i.I2C_IsAcknowledgeFailed  stm32f1xx_hal_i2c.o
    0x08002568   0x08002568   0x00000138   Code   RO          425    i.I2C_MasterRequestRead  stm32f1xx_hal_i2c.o
    0x080026a0   0x080026a0   0x000000c0   Code   RO          426    i.I2C_MasterRequestWrite  stm32f1xx_hal_i2c.o
    0x08002760   0x08002760   0x00000066   Code   RO          442    i.I2C_WaitOnBTFFlagUntilTimeout  stm32f1xx_hal_i2c.o
    0x080027c6   0x080027c6   0x000000be   Code   RO          443    i.I2C_WaitOnFlagUntilTimeout  stm32f1xx_hal_i2c.o
    0x08002884   0x08002884   0x000000fa   Code   RO          444    i.I2C_WaitOnMasterAddressFlagUntilTimeout  stm32f1xx_hal_i2c.o
    0x0800297e   0x0800297e   0x0000008a   Code   RO          445    i.I2C_WaitOnRXNEFlagUntilTimeout  stm32f1xx_hal_i2c.o
    0x08002a08   0x08002a08   0x00000066   Code   RO          448    i.I2C_WaitOnTXEFlagUntilTimeout  stm32f1xx_hal_i2c.o
    0x08002a6e   0x08002a6e   0x00000002   PAD
    0x08002a70   0x08002a70   0x00000128   Code   RO           15    i.MX_GPIO_Init      main.o
    0x08002b98   0x08002b98   0x0000003c   Code   RO           16    i.MX_I2C1_Init      main.o
    0x08002bd4   0x08002bd4   0x000000a4   Code   RO           17    i.MX_TIM3_Init      main.o
    0x08002c78   0x08002c78   0x00000038   Code   RO           18    i.MX_USART1_UART_Init  main.o
    0x08002cb0   0x08002cb0   0x00000004   Code   RO          187    i.MemManage_Handler  stm32f1xx_it.o
    0x08002cb4   0x08002cb4   0x00000004   Code   RO          188    i.NMI_Handler       stm32f1xx_it.o
    0x08002cb8   0x08002cb8   0x00000002   Code   RO          189    i.PendSV_Handler    stm32f1xx_it.o
    0x08002cba   0x08002cba   0x00000002   PAD
    0x08002cbc   0x08002cbc   0x00000028   Code   RO         1032    i.RCC_Delay         stm32f1xx_hal_rcc.o
    0x08002ce4   0x08002ce4   0x00000002   Code   RO          190    i.SVC_Handler       stm32f1xx_it.o
    0x08002ce6   0x08002ce6   0x00000008   Code   RO          191    i.SysTick_Handler   stm32f1xx_it.o
    0x08002cee   0x08002cee   0x00000072   Code   RO           19    i.SystemClock_Config  main.o
    0x08002d60   0x08002d60   0x00000002   Code   RO         3210    i.SystemInit        system_stm32f1xx.o
    0x08002d62   0x08002d62   0x00000002   PAD
    0x08002d64   0x08002d64   0x0000009c   Code   RO         1947    i.TIM_Base_SetConfig  stm32f1xx_hal_tim.o
    0x08002e00   0x08002e00   0x00000022   Code   RO         1948    i.TIM_CCxChannelCmd  stm32f1xx_hal_tim.o
    0x08002e22   0x08002e22   0x00000016   Code   RO         1958    i.TIM_ETR_SetConfig  stm32f1xx_hal_tim.o
    0x08002e38   0x08002e38   0x00000012   Code   RO         1959    i.TIM_ITRx_SetConfig  stm32f1xx_hal_tim.o
    0x08002e4a   0x08002e4a   0x00000002   PAD
    0x08002e4c   0x08002e4c   0x00000070   Code   RO         1960    i.TIM_OC1_SetConfig  stm32f1xx_hal_tim.o
    0x08002ebc   0x08002ebc   0x0000007c   Code   RO         1961    i.TIM_OC2_SetConfig  stm32f1xx_hal_tim.o
    0x08002f38   0x08002f38   0x00000078   Code   RO         1962    i.TIM_OC3_SetConfig  stm32f1xx_hal_tim.o
    0x08002fb0   0x08002fb0   0x00000054   Code   RO         1963    i.TIM_OC4_SetConfig  stm32f1xx_hal_tim.o
    0x08003004   0x08003004   0x00000026   Code   RO         1965    i.TIM_TI1_ConfigInputStage  stm32f1xx_hal_tim.o
    0x0800302a   0x0800302a   0x00000028   Code   RO         1967    i.TIM_TI2_ConfigInputStage  stm32f1xx_hal_tim.o
    0x08003052   0x08003052   0x00000002   PAD
    0x08003054   0x08003054   0x000000fc   Code   RO         2893    i.UART_SetConfig    stm32f1xx_hal_uart.o
    0x08003150   0x08003150   0x00000092   Code   RO         2897    i.UART_WaitOnFlagUntilTimeout  stm32f1xx_hal_uart.o
    0x080031e2   0x080031e2   0x00000008   Code   RO          192    i.USART1_IRQHandler  stm32f1xx_it.o
    0x080031ea   0x080031ea   0x00000004   Code   RO          193    i.UsageFault_Handler  stm32f1xx_it.o
    0x080031ee   0x080031ee   0x00000002   PAD
    0x080031f0   0x080031f0   0x00000010   Code   RO         1339    i.__NVIC_GetPriorityGrouping  stm32f1xx_hal_cortex.o
    0x08003200   0x08003200   0x00000028   Code   RO         1340    i.__NVIC_SetPriority  stm32f1xx_hal_cortex.o
    0x08003228   0x08003228   0x0000002a   Code   RO         3497    i.cdce913_check_chip  cdce913.o
    0x08003252   0x08003252   0x00000002   PAD
    0x08003254   0x08003254   0x0000002c   Code   RO         3502    i.cdce913_config_98MHZ  cdce913.o
    0x08003280   0x08003280   0x00000038   Code   RO         3503    i.cdce913_read      cdce913.o
    0x080032b8   0x080032b8   0x00000024   Code   RO         3504    i.cdce913_send      cdce913.o
    0x080032dc   0x080032dc   0x00000654   Code   RO           20    i.main              main.o
    0x08003930   0x08003930   0x00000024   Code   RO         3246    i.max96752_check_chip  max96755.o
    0x08003954   0x08003954   0x00000030   Code   RO         3247    i.max96752_init_config  max96755.o
    0x08003984   0x08003984   0x0000003c   Code   RO         3248    i.max96752_read     max96755.o
    0x080039c0   0x080039c0   0x00000030   Code   RO         3249    i.max96752_send     max96755.o
    0x080039f0   0x080039f0   0x00000054   Code   RO         3250    i.max96755_apply_screen_preset  max96755.o
    0x08003a44   0x08003a44   0x00000028   Code   RO         3251    i.max96755_apply_user_timing  max96755.o
    0x08003a6c   0x08003a6c   0x00000310   Code   RO         3252    i.max96755_apply_user_timing_core  max96755.o
    0x08003d7c   0x08003d7c   0x00000270   Code   RO         3253    i.max96755_apply_user_timing_core_full  max96755.o
    0x08003fec   0x08003fec   0x00000032   Code   RO         3254    i.max96755_apply_user_timing_full  max96755.o
    0x0800401e   0x0800401e   0x00000024   Code   RO         3255    i.max96755_apply_user_timing_pclk  max96755.o
    0x08004042   0x08004042   0x00000024   Code   RO         3256    i.max96755_check_chip  max96755.o
    0x08004066   0x08004066   0x00000002   PAD
    0x08004068   0x08004068   0x00000018   Code   RO         3257    i.max96755_init     max96755.o
    0x08004080   0x08004080   0x00000030   Code   RO         3258    i.max96755_init_config  max96755.o
    0x080040b0   0x080040b0   0x0000003c   Code   RO         3259    i.max96755_read     max96755.o
    0x080040ec   0x080040ec   0x00000030   Code   RO         3260    i.max96755_send     max96755.o
    0x0800411c   0x0800411c   0x00000054   Code   RO         3261    i.max96755_video_RMW_config  max96755.o
    0x08004170   0x08004170   0x00000058   Code   RO         3389    i.sys_init          task.o
    0x080041c8   0x080041c8   0x0000002e   Code   RO         3262    i.timing_patch_byte  max96755.o
    0x080041f6   0x080041f6   0x0000002a   Code   RO         3263    i.timing_patch_u16  max96755.o
    0x08004220   0x08004220   0x00000046   Code   RO         3264    i.timing_patch_u24  max96755.o
    0x08004266   0x08004266   0x00000002   PAD
    0x08004268   0x08004268   0x00000044   Code   RO           21    i.waitforiotimeout  main.o
    0x080042ac   0x080042ac   0x0000008e   Data   RO           23    .constdata          main.o
    0x0800433a   0x0800433a   0x00000012   Data   RO         1033    .constdata          stm32f1xx_hal_rcc.o
    0x0800434c   0x0800434c   0x00000018   Data   RO         3211    .constdata          system_stm32f1xx.o
    0x08004364   0x08004364   0x000002e4   Data   RO         3266    .constdata          max96755.o
    0x08004648   0x08004648   0x000000c8   Data   RO         3505    .constdata          cdce913.o
    0x08004710   0x08004710   0x00000020   Data   RO         3742    Region$$Table       anon$$obj.o


    Execution Region RW_IRAM1 (Exec base: 0x20000000, Load base: 0x08004730, Size: 0x00000928, Max: 0x0000c000, ABSOLUTE)

    Exec Addr    Load Addr    Size         Type   Attr      Idx    E Section Name        Object

    0x20000000   0x08004730   0x0000003b   Data   RW           24    .data               main.o
    0x2000003b   0x0800476b   0x00000001   PAD
    0x2000003c   0x0800476c   0x00000009   Data   RW          869    .data               stm32f1xx_hal.o
    0x20000045   0x08004775   0x00000003   PAD
    0x20000048   0x08004778   0x00000004   Data   RW         3212    .data               system_stm32f1xx.o
    0x2000004c   0x0800477c   0x00000003   Data   RW         3390    .data               task.o
    0x2000004f   0x0800477f   0x00000001   PAD
    0x20000050        -       0x00000104   Zero   RW           22    .bss                main.o
    0x20000154        -       0x00000170   Zero   RW         3265    .bss                max96755.o
    0x200002c4        -       0x00000060   Zero   RW         3616    .bss                c_w.l(libspace.o)
    0x20000324   0x0800477f   0x00000004   PAD
    0x20000328        -       0x00000200   Zero   RW            2    HEAP                startup_stm32f103xe.o
    0x20000528        -       0x00000400   Zero   RW            1    STACK               startup_stm32f103xe.o


==============================================================================

Image component sizes


      Code (inc. data)   RO Data    RW Data    ZI Data      Debug   Object Name

       178         14        200          0          0       2766   cdce913.o
      3836        634        142         59        260     501639   main.o
      2268        108        740          0        368      15194   max96755.o
        64         26        304          0       1536        780   startup_stm32f103xe.o
       192         36          0          9          0       6257   stm32f1xx_hal.o
       304         22          0          0          0      29207   stm32f1xx_hal_cortex.o
       860         40          0          0          0       3211   stm32f1xx_hal_gpio.o
      3056         54          0          0          0      10994   stm32f1xx_hal_i2c.o
       496         58          0          0          0       3384   stm32f1xx_hal_msp.o
      1856        104         18          0          0       6492   stm32f1xx_hal_rcc.o
      1726         80          0          0          0      11458   stm32f1xx_hal_tim.o
       156         22          0          0          0       1280   stm32f1xx_hal_tim_ex.o
       694          4          0          0          0       3616   stm32f1xx_hal_uart.o
        42          0          0          0          0       4094   stm32f1xx_it.o
         2          0         24          4          0       1031   system_stm32f1xx.o
       176         24          0          3          0       2610   task.o

    ----------------------------------------------------------------------
     15934       1226       1460         80       2164     604013   Object Totals
         0          0         32          0          0          0   (incl. Generated)
        28          0          0          5          0          0   (incl. Padding)

    ----------------------------------------------------------------------

      Code (inc. data)   RO Data    RW Data    ZI Data      Debug   Library Member Name

         8          0          0          0          0         68   __main.o
         0          0          0          0          0          0   __rtentry.o
        12          0          0          0          0          0   __rtentry2.o
         6          0          0          0          0          0   __rtentry4.o
        52          8          0          0          0          0   __scatter.o
        26          0          0          0          0          0   __scatter_copy.o
        28          0          0          0          0          0   __scatter_zi.o
        18          0          0          0          0         80   exit.o
         6          0          0          0          0        152   heapauxi.o
         0          0          0          0          0          0   indicate_semi.o
         2          0          0          0          0          0   libinit.o
         2          0          0          0          0          0   libinit2.o
         2          0          0          0          0          0   libshutdown.o
         2          0          0          0          0          0   libshutdown2.o
         8          4          0          0         96         68   libspace.o
       238          0          0          0          0        100   lludivv7m.o
        78          0          0          0          0         80   rt_memclr_w.o
       138          0          0          0          0         68   rt_memcpy_v6.o
       100          0          0          0          0         80   rt_memcpy_w.o
         2          0          0          0          0          0   rtexit.o
        10          0          0          0          0          0   rtexit2.o
        12          4          0          0          0         68   sys_exit.o
        74          0          0          0          0         80   sys_stackheap_outer.o
         2          0          0          0          0         68   use_no_semi.o

    ----------------------------------------------------------------------
       830         16          0          0        100        912   Library Totals
         4          0          0          0          4          0   (incl. Padding)

    ----------------------------------------------------------------------

      Code (inc. data)   RO Data    RW Data    ZI Data      Debug   Library Name

       826         16          0          0         96        912   c_w.l

    ----------------------------------------------------------------------
       830         16          0          0        100        912   Library Totals

    ----------------------------------------------------------------------

==============================================================================


      Code (inc. data)   RO Data    RW Data    ZI Data      Debug   

     16764       1242       1460         80       2264     599305   Grand Totals
     16764       1242       1460         80       2264     599305   ELF Image Totals
     16764       1242       1460         80          0          0   ROM Totals

==============================================================================

    Total RO  Size (Code + RO Data)                18224 (  17.80kB)
    Total RW  Size (RW Data + ZI Data)              2344 (   2.29kB)
    Total ROM Size (Code + RO Data + RW Data)      18304 (  17.88kB)

==============================================================================

