<html>
<body>
<pre>
<h1>µVision Build Log</h1>
<h2>Tool Versions:</h2>
IDE-Version: ¦ÌVision V5.39.0.0
Copyright (C) 2023 ARM Ltd and ARM Germany GmbH. All rights reserved.
License Information: li yao, liyao, LIC=21E4T-RGRVC-2ZKW4-FI5MU-QJ6CZ-8R6WP
 
Tool Versions:
Toolchain:       MDK-ARM Plus  Version: 5.39.0.0
Toolchain Path:  C:\Keil_v5\ARM\ARMCLANG\Bin
C Compiler:      ArmClang.exe V6.21
Assembler:       Armasm.exe V6.21
Linker/Locator:  ArmLink.exe V6.21
Library Manager: ArmAr.exe V6.21
Hex Converter:   FromElf.exe V6.21
CPU DLL:         SARMCM3.DLL V5.39.0.0
Dialog DLL:      DCM.DLL V1.17.5.0
Target DLL:      Segger\JL2CM3.dll V2.99.43.0
Dialog DLL:      TCM.DLL V1.56.4.0
 
<h2>Project:</h2>
D:\workspace\cubemx\jp360ica_96755\MDK-ARM\jp360ica_96755.uvprojx
Project File Date:  06/12/2025

<h2>Output:</h2>
*** Using Compiler 'V6.21', folder: 'C:\Keil_v5\ARM\ARMCLANG\Bin'
Rebuild target 'jp360ica_96755'
../Core/Src/main.c(121): warning: passing 'const max_96755_register_RMW_CFG_TYPE[46]' to parameter of type 'max_96755_register_RMW_CFG_TYPE *' discards qualifiers [-Wincompatible-pointer-types-discards-qualifiers]
  121 |   max96755_video_RMW_config(s_96755_video_RMW_config_1920_check_board, CONFIG_NUM_755_VIDEO_checkboard);
      |                             ^~~~~~~~~~~~~~~~~~~~~~~~~~~~~~~~~~~~~~~~~
../App\MAX96755.h(50): note: passing argument to parameter 'cfg' here
   50 | void max96755_video_RMW_config(max_96755_register_RMW_CFG_TYPE cfg[], uint8_t cfg_num);
      |                                                                ^
../Core/Src/main.c(141): warning: passing 'char[22]' to parameter of type 'const uint8_t *' (aka 'const unsigned char *') converts between pointers to integer types where one is of the unique plain 'char' type and the other is not [-Wpointer-sign]
  141 |         HAL_UART_Transmit(&huart1, "_____NEW_DEVICE_____\n", 63, 100);
      |                                    ^~~~~~~~~~~~~~~~~~~~~~~~
../Drivers/STM32F1xx_HAL_Driver/Inc\stm32f1xx_hal_uart.h(749): note: passing argument to parameter 'pData' here
  749 | HAL_StatusTypeDef HAL_UART_Transmit(UART_HandleTypeDef *huart, const uint8_t *pData, uint16_t Size, uint32_t Timeout);
      |                                                                               ^
../Core/Src/main.c(209): warning: passing 'char[11]' to parameter of type 'const uint8_t *' (aka 'const unsigned char *') converts between pointers to integer types where one is of the unique plain 'char' type and the other is not [-Wpointer-sign]
  209 |     HAL_UART_Transmit(&huart1, "state:    ", 10, 100);
      |                                ^~~~~~~~~~~~
../Drivers/STM32F1xx_HAL_Driver/Inc\stm32f1xx_hal_uart.h(749): note: passing argument to parameter 'pData' here
  749 | HAL_StatusTypeDef HAL_UART_Transmit(UART_HandleTypeDef *huart, const uint8_t *pData, uint16_t Size, uint32_t Timeout);
      |                                                                               ^
../Core/Src/main.c(211): warning: passing 'char[5]' to parameter of type 'const uint8_t *' (aka 'const unsigned char *') converts between pointers to integer types where one is of the unique plain 'char' type and the other is not [-Wpointer-sign]
  211 |       HAL_UART_Transmit(&huart1, "OK!\n", 4, 100);
      |                                  ^~~~~~~
../Drivers/STM32F1xx_HAL_Driver/Inc\stm32f1xx_hal_uart.h(749): note: passing argument to parameter 'pData' here
  749 | HAL_StatusTypeDef HAL_UART_Transmit(UART_HandleTypeDef *huart, const uint8_t *pData, uint16_t Size, uint32_t Timeout);
      |                                                                               ^
../Core/Src/main.c(213): warning: passing 'char[7]' to parameter of type 'const uint8_t *' (aka 'const unsigned char *') converts between pointers to integer types where one is of the unique plain 'char' type and the other is not [-Wpointer-sign]
  213 |       HAL_UART_Transmit(&huart1, "FAIL!\n", 6, 100);
      |                                  ^~~~~~~~~
../Drivers/STM32F1xx_HAL_Driver/Inc\stm32f1xx_hal_uart.h(749): note: passing argument to parameter 'pData' here
  749 | HAL_StatusTypeDef HAL_UART_Transmit(UART_HandleTypeDef *huart, const uint8_t *pData, uint16_t Size, uint32_t Timeout);
      |                                                                               ^
../Core/Src/main.c(215): warning: passing 'char[14]' to parameter of type 'const uint8_t *' (aka 'const unsigned char *') converts between pointers to integer types where one is of the unique plain 'char' type and the other is not [-Wpointer-sign]
  215 |     HAL_UART_Transmit(&huart1, "Temperature: ", 13, 100);
      |                                ^~~~~~~~~~~~~~~
../Drivers/STM32F1xx_HAL_Driver/Inc\stm32f1xx_hal_uart.h(749): note: passing argument to parameter 'pData' here
  749 | HAL_StatusTypeDef HAL_UART_Transmit(UART_HandleTypeDef *huart, const uint8_t *pData, uint16_t Size, uint32_t Timeout);
      |                                                                               ^
../Core/Src/main.c(217): warning: passing 'char[2]' to parameter of type 'const uint8_t *' (aka 'const unsigned char *') converts between pointers to integer types where one is of the unique plain 'char' type and the other is not [-Wpointer-sign]
  217 |     HAL_UART_Transmit(&huart1, t, 2, 100);
      |                                ^
../Drivers/STM32F1xx_HAL_Driver/Inc\stm32f1xx_hal_uart.h(749): note: passing argument to parameter 'pData' here
  749 | HAL_StatusTypeDef HAL_UART_Transmit(UART_HandleTypeDef *huart, const uint8_t *pData, uint16_t Size, uint32_t Timeout);
      |                                                                               ^
../Core/Src/main.c(218): warning: passing 'char[2]' to parameter of type 'const uint8_t *' (aka 'const unsigned char *') converts between pointers to integer types where one is of the unique plain 'char' type and the other is not [-Wpointer-sign]
  218 |     HAL_UART_Transmit(&huart1, "\n", 1, 100);
      |                                ^~~~
../Drivers/STM32F1xx_HAL_Driver/Inc\stm32f1xx_hal_uart.h(749): note: passing argument to parameter 'pData' here
  749 | HAL_StatusTypeDef HAL_UART_Transmit(UART_HandleTypeDef *huart, const uint8_t *pData, uint16_t Size, uint32_t Timeout);
      |                                                                               ^
../Core/Src/main.c(220): warning: passing 'char[19]' to parameter of type 'const uint8_t *' (aka 'const unsigned char *') converts between pointers to integer types where one is of the unique plain 'char' type and the other is not [-Wpointer-sign]
  220 |     HAL_UART_Transmit(&huart1, "software version: ", 18, 100);
      |                                ^~~~~~~~~~~~~~~~~~~~
../Drivers/STM32F1xx_HAL_Driver/Inc\stm32f1xx_hal_uart.h(749): note: passing argument to parameter 'pData' here
  749 | HAL_StatusTypeDef HAL_UART_Transmit(UART_HandleTypeDef *huart, const uint8_t *pData, uint16_t Size, uint32_t Timeout);
      |                                                                               ^
../Core/Src/main.c(223): warning: passing 'char[2]' to parameter of type 'const uint8_t *' (aka 'const unsigned char *') converts between pointers to integer types where one is of the unique plain 'char' type and the other is not [-Wpointer-sign]
  223 |     HAL_UART_Transmit(&huart1, "\n", 1, 100);
      |                                ^~~~
../Drivers/STM32F1xx_HAL_Driver/Inc\stm32f1xx_hal_uart.h(749): note: passing argument to parameter 'pData' here
  749 | HAL_StatusTypeDef HAL_UART_Transmit(UART_HandleTypeDef *huart, const uint8_t *pData, uint16_t Size, uint32_t Timeout);
      |                                                                               ^
../Core/Src/main.c(225): warning: passing 'char[19]' to parameter of type 'const uint8_t *' (aka 'const unsigned char *') converts between pointers to integer types where one is of the unique plain 'char' type and the other is not [-Wpointer-sign]
  225 |     HAL_UART_Transmit(&huart1, "hardware version: ", 18, 100);
      |                                ^~~~~~~~~~~~~~~~~~~~
../Drivers/STM32F1xx_HAL_Driver/Inc\stm32f1xx_hal_uart.h(749): note: passing argument to parameter 'pData' here
  749 | HAL_StatusTypeDef HAL_UART_Transmit(UART_HandleTypeDef *huart, const uint8_t *pData, uint16_t Size, uint32_t Timeout);
      |                                                                               ^
../Core/Src/main.c(228): warning: passing 'char[2]' to parameter of type 'const uint8_t *' (aka 'const unsigned char *') converts between pointers to integer types where one is of the unique plain 'char' type and the other is not [-Wpointer-sign]
  228 |     HAL_UART_Transmit(&huart1, "\n", 1, 100);
      |                                ^~~~
../Drivers/STM32F1xx_HAL_Driver/Inc\stm32f1xx_hal_uart.h(749): note: passing argument to parameter 'pData' here
  749 | HAL_StatusTypeDef HAL_UART_Transmit(UART_HandleTypeDef *huart, const uint8_t *pData, uint16_t Size, uint32_t Timeout);
      |                                                                               ^
12 warnings generated.
compiling main.c...
compiling stm32f1xx_it.c...
compiling stm32f1xx_hal_gpio_ex.c...
assembling startup_stm32f103xe.s...
compiling stm32f1xx_hal_msp.c...
compiling stm32f1xx_hal.c...
compiling stm32f1xx_hal_rcc.c...
compiling stm32f1xx_hal_i2c.c...
compiling stm32f1xx_hal_gpio.c...
compiling stm32f1xx_hal_rcc_ex.c...
compiling stm32f1xx_hal_cortex.c...
compiling stm32f1xx_hal_pwr.c...
compiling stm32f1xx_hal_flash.c...
compiling stm32f1xx_hal_dma.c...
compiling stm32f1xx_hal_exti.c...
compiling stm32f1xx_hal_flash_ex.c...
compiling system_stm32f1xx.c...
compiling stm32f1xx_hal_tim_ex.c...
compiling BL.c...
compiling MAX96755.c...
../App/task.c(92): warning: passing 'const max_96755_register_RMW_CFG_TYPE[46]' to parameter of type 'max_96755_register_RMW_CFG_TYPE *' discards qualifiers [-Wincompatible-pointer-types-discards-qualifiers]
   92 |     max96755_video_RMW_config(s_96755_video_RMW_config_1920_check_board, CONFIG_NUM_755_VIDEO_checkboard);
      |                               ^~~~~~~~~~~~~~~~~~~~~~~~~~~~~~~~~~~~~~~~~
../App/MAX96755.h(50): note: passing argument to parameter 'cfg' here
   50 | void max96755_video_RMW_config(max_96755_register_RMW_CFG_TYPE cfg[], uint8_t cfg_num);
      |                                                                ^
../App/task.c(95): warning: passing 'const max_96755_register_RMW_CFG_TYPE[38]' to parameter of type 'max_96755_register_RMW_CFG_TYPE *' discards qualifiers [-Wincompatible-pointer-types-discards-qualifiers]
   95 |         max96755_video_RMW_config(s_96755_video_RMW_config_1920_color_bar, CONFIG_NUM_755_VIDEO_color_bar);
      |                                   ^~~~~~~~~~~~~~~~~~~~~~~~~~~~~~~~~~~~~~~
../App/MAX96755.h(50): note: passing argument to parameter 'cfg' here
   50 | void max96755_video_RMW_config(max_96755_register_RMW_CFG_TYPE cfg[], uint8_t cfg_num);
      |                                                                ^
2 warnings generated.
compiling task.c...
compiling cdce913.c...
compiling stm32f1xx_hal_uart.c...
compiling stm32f1xx_hal_tim.c...
linking...
Program Size: Code=17428 RO-data=772 RW-data=24 ZI-data=1880  
FromELF: creating hex file...
After Build - User command #1: fromelf --bin --bincombined --output=Objects\jp360ica_96755.bin jp360ica_96755\jp360ica_96755.axf
"jp360ica_96755\jp360ica_96755.axf" - 0 Error(s), 14 Warning(s).

<h2>Software Packages used:</h2>

Package Vendor: ARM
                https://www.keil.com/pack/ARM.CMSIS.6.0.0.pack
                ARM::CMSIS@6.0.0
                CMSIS (Common Microcontroller Software Interface Standard)
   * Component: CORE Version: 6.0.0

Package Vendor: Keil
                https://www.keil.com/pack/Keil.STM32F1xx_DFP.2.4.1.pack
                Keil::STM32F1xx_DFP@2.4.1
                STMicroelectronics STM32F1 Series Device Support, Drivers and Examples

<h2>Collection of Component include folders:</h2>
  ./RTE/_jp360ica_96755
  C:/Users/23317/AppData/Local/Arm/Packs/ARM/CMSIS/6.0.0/CMSIS/Core/Include
  C:/Users/23317/AppData/Local/Arm/Packs/Keil/STM32F1xx_DFP/2.4.1/Device/Include

<h2>Collection of Component Files used:</h2>

   * Component: ARM::CMSIS:CORE@6.0.0
Build Time Elapsed:  00:00:07
</pre>
</body>
</html>
