<html>
<body>
<pre>
<h1>µVision Build Log</h1>
<h2>Tool Versions:</h2>
IDE-Version: ¦ÌVision V5.25.0.0
Copyright (C) 2017 ARM Ltd and ARM Germany GmbH. All rights reserved.
License Information: 11 11, 11, LIC=585FJ-UCLRW-JJC6S-LBRAK-I7FGW-FVR2H
 
Tool Versions:
Toolchain:       MDK-ARM Plus  Version: 5.25.0.0
Toolchain Path:  C:\Keil_v5\ARM\ARMCC\Bin
C Compiler:      Armcc.exe V5.06 update 6 (build 750)
Assembler:       Armasm.exe V5.06 update 6 (build 750)
Linker/Locator:  ArmLink.exe V5.06 update 6 (build 750)
Library Manager: ArmAr.exe V5.06 update 6 (build 750)
Hex Converter:   FromElf.exe V5.06 update 6 (build 750)
CPU DLL:         SARMCM3.DLL V5.25.0.0
Dialog DLL:      DCM.DLL V1.17.0.0
Target DLL:      Segger\JL2CM3.dll V2.99.28.0
Dialog DLL:      TCM.DLL V1.34.0.0
 
<h2>Project:</h2>
C:\Users\A\Desktop\360\MDK-ARM\jp360ica_96755.uvprojx
Project File Date:  04/07/2026

<h2>Output:</h2>
*** Using Compiler 'V5.06 update 6 (build 750)', folder: 'C:\Keil_v5\ARM\ARMCC\Bin'
Rebuild target 'jp360ica_96755'
assembling startup_stm32f103xe.s...
compiling stm32f1xx_hal_gpio_ex.c...
compiling stm32f1xx_hal_rcc_ex.c...
compiling stm32f1xx_hal_rcc.c...
compiling stm32f1xx_hal_gpio.c...
compiling stm32f1xx_hal.c...
compiling stm32f1xx_hal_msp.c...
compiling main.c...
../App/task.h(4): warning:  #1295-D: Deprecated declaration EN_VDD2 - give arg types
  void EN_VDD2();
../App/task.h(5): warning:  #1295-D: Deprecated declaration sys_init - give arg types
  void sys_init();
../App/task.h(7): warning:  #1295-D: Deprecated declaration check_test - give arg types
  void check_test();
../App/task.h(9): warning:  #1295-D: Deprecated declaration EN_LCD_RESET - give arg types
  void EN_LCD_RESET();
../App/task.h(11): warning:  #1295-D: Deprecated declaration EN_BL - give arg types
  void EN_BL();
../App/task.h(12): warning:  #1295-D: Deprecated declaration DISEN_BL - give arg types
  void DISEN_BL();
../App/task.h(27): warning:  #1-D: last line of file ends without a newline
  #endif
../App/MAX96755.h(38): warning:  #1295-D: Deprecated declaration max96752_init - give arg types
  void max96752_init();
../App/MAX96755.h(39): warning:  #1295-D: Deprecated declaration max96752_check_chip - give arg types
  uint8_t max96752_check_chip();
../App/MAX96755.h(42): warning:  #1295-D: Deprecated declaration max96752_init_config - give arg types
  void max96752_init_config();
../App/MAX96755.h(44): warning:  #1295-D: Deprecated declaration max96755_init - give arg types
  void max96755_init();
../App/MAX96755.h(45): warning:  #1295-D: Deprecated declaration max96755_check_chip - give arg types
  uint8_t max96755_check_chip();
../App/MAX96755.h(48): warning:  #1295-D: Deprecated declaration max96755_init_config - give arg types
  void max96755_init_config();
../App/MAX96755.h(78): warning:  #1-D: last line of file ends without a newline
  #endif
../Core/Src/main.c(307): warning:  #167-D: argument of type "char *" is incompatible with parameter of type "const uint8_t *"
      HAL_UART_Transmit(&huart1, t, 2, 100);
../Core/Src/main.c: 15 warnings, 0 errors
compiling stm32f1xx_it.c...
compiling stm32f1xx_hal_cortex.c...
compiling stm32f1xx_hal_dma.c...
compiling stm32f1xx_hal_i2c.c...
compiling stm32f1xx_hal_exti.c...
compiling stm32f1xx_hal_pwr.c...
compiling system_stm32f1xx.c...
compiling stm32f1xx_hal_flash.c...
compiling task.c...
..\App\task.h(4): warning:  #1295-D: Deprecated declaration EN_VDD2 - give arg types
  void EN_VDD2();
..\App\task.h(5): warning:  #1295-D: Deprecated declaration sys_init - give arg types
  void sys_init();
..\App\task.h(7): warning:  #1295-D: Deprecated declaration check_test - give arg types
  void check_test();
..\App\task.h(9): warning:  #1295-D: Deprecated declaration EN_LCD_RESET - give arg types
  void EN_LCD_RESET();
..\App\task.h(11): warning:  #1295-D: Deprecated declaration EN_BL - give arg types
  void EN_BL();
..\App\task.h(12): warning:  #1295-D: Deprecated declaration DISEN_BL - give arg types
  void DISEN_BL();
..\App\task.h(27): warning:  #1-D: last line of file ends without a newline
  #endif
..\App\MAX96755.h(38): warning:  #1295-D: Deprecated declaration max96752_init - give arg types
  void max96752_init();
..\App\MAX96755.h(39): warning:  #1295-D: Deprecated declaration max96752_check_chip - give arg types
  uint8_t max96752_check_chip();
..\App\MAX96755.h(42): warning:  #1295-D: Deprecated declaration max96752_init_config - give arg types
  void max96752_init_config();
..\App\MAX96755.h(44): warning:  #1295-D: Deprecated declaration max96755_init - give arg types
  void max96755_init();
..\App\MAX96755.h(45): warning:  #1295-D: Deprecated declaration max96755_check_chip - give arg types
  uint8_t max96755_check_chip();
..\App\MAX96755.h(48): warning:  #1295-D: Deprecated declaration max96755_init_config - give arg types
  void max96755_init_config();
..\App\MAX96755.h(78): warning:  #1-D: last line of file ends without a newline
  #endif
..\App\BL.h(14): warning:  #1295-D: Deprecated declaration BL_check_chip - give arg types
  uint8_t BL_check_chip();
..\App\BL.h(15): warning:  #1295-D: Deprecated declaration BL_enable - give arg types
  void BL_enable();
..\App\BL.h(19): warning:  #1-D: last line of file ends without a newline
  #endif
..\App\cdce913.h(17): warning:  #1295-D: Deprecated declaration cdce913_check_chip - give arg types
  uint8_t cdce913_check_chip();
..\App\cdce913.h(18): warning:  #1295-D: Deprecated declaration cdce913_config_150MHZ - give arg types
  void cdce913_config_150MHZ();
..\App\cdce913.h(19): warning:  #1295-D: Deprecated declaration cdce913_config_25MHZ - give arg types
  void cdce913_config_25MHZ();
..\App\cdce913.h(20): warning:  #1295-D: Deprecated declaration cdce913_config_90MHZ - give arg types
  void cdce913_config_90MHZ();
..\App\cdce913.h(21): warning:  #1295-D: Deprecated declaration cdce913_config_120MHZ - give arg types
  void cdce913_config_120MHZ();
..\App\cdce913.h(22): warning:  #1295-D: Deprecated declaration cdce913_config_98MHZ - give arg types
  void cdce913_config_98MHZ();
..\App\cdce913.h(24): warning:  #1-D: last line of file ends without a newline
  #endif
..\App\task.c: 24 warnings, 0 errors
compiling MAX96755.c...
..\App\MAX96755.h(38): warning:  #1295-D: Deprecated declaration max96752_init - give arg types
  void max96752_init();
..\App\MAX96755.h(39): warning:  #1295-D: Deprecated declaration max96752_check_chip - give arg types
  uint8_t max96752_check_chip();
..\App\MAX96755.h(42): warning:  #1295-D: Deprecated declaration max96752_init_config - give arg types
  void max96752_init_config();
..\App\MAX96755.h(44): warning:  #1295-D: Deprecated declaration max96755_init - give arg types
  void max96755_init();
..\App\MAX96755.h(45): warning:  #1295-D: Deprecated declaration max96755_check_chip - give arg types
  uint8_t max96755_check_chip();
..\App\MAX96755.h(48): warning:  #1295-D: Deprecated declaration max96755_init_config - give arg types
  void max96755_init_config();
..\App\MAX96755.h(78): warning:  #1-D: last line of file ends without a newline
  #endif
..\App\MAX96755.c: 7 warnings, 0 errors
compiling stm32f1xx_hal_tim_ex.c...
compiling BL.c...
..\App\BL.h(14): warning:  #1295-D: Deprecated declaration BL_check_chip - give arg types
  uint8_t BL_check_chip();
..\App\BL.h(15): warning:  #1295-D: Deprecated declaration BL_enable - give arg types
  void BL_enable();
..\App\BL.h(19): warning:  #1-D: last line of file ends without a newline
  #endif
..\App\BL.c(32): warning:  #1-D: last line of file ends without a newline
  }
..\App\BL.c: 4 warnings, 0 errors
compiling stm32f1xx_hal_flash_ex.c...
compiling stm32f1xx_hal_tim.c...
compiling stm32f1xx_hal_uart.c...
compiling cdce913.c...
..\App\cdce913.h(17): warning:  #1295-D: Deprecated declaration cdce913_check_chip - give arg types
  uint8_t cdce913_check_chip();
..\App\cdce913.h(18): warning:  #1295-D: Deprecated declaration cdce913_config_150MHZ - give arg types
  void cdce913_config_150MHZ();
..\App\cdce913.h(19): warning:  #1295-D: Deprecated declaration cdce913_config_25MHZ - give arg types
  void cdce913_config_25MHZ();
..\App\cdce913.h(20): warning:  #1295-D: Deprecated declaration cdce913_config_90MHZ - give arg types
  void cdce913_config_90MHZ();
..\App\cdce913.h(21): warning:  #1295-D: Deprecated declaration cdce913_config_120MHZ - give arg types
  void cdce913_config_120MHZ();
..\App\cdce913.h(22): warning:  #1295-D: Deprecated declaration cdce913_config_98MHZ - give arg types
  void cdce913_config_98MHZ();
..\App\cdce913.h(24): warning:  #1-D: last line of file ends without a newline
  #endif
..\App\cdce913.c(256): warning:  #1-D: last line of file ends without a newline
  }
..\App\cdce913.c: 8 warnings, 0 errors
linking...
Program Size: Code=16764 RO-data=1460 RW-data=80 ZI-data=2264  
FromELF: creating hex file...
After Build - User command #1: fromelf --bin --bincombined --output=Objects\jp360ica_96755.bin jp360ica_96755\jp360ica_96755.axf
"jp360ica_96755\jp360ica_96755.axf" - 0 Error(s), 58 Warning(s).

<h2>Software Packages used:</h2>

Package Vendor: ARM
                http://www.keil.com/pack/ARM.CMSIS.5.2.0.pack
                ARM.CMSIS.5.2.0
                CMSIS (Cortex Microcontroller Software Interface Standard)
   * Component: CORE Version: 5.0.2

Package Vendor: Keil
                https://www.keil.com/pack/Keil.STM32F1xx_DFP.2.4.1.pack
                Keil.STM32F1xx_DFP.2.4.1
                STMicroelectronics STM32F1 Series Device Support, Drivers and Examples

<h2>Collection of Component include folders:</h2>
  .\RTE\_jp360ica_96755
  C:\Keil_v5\ARM\PACK\ARM\CMSIS\5.2.0\CMSIS\Include
  C:\Keil_v5\ARM\PACK\Keil\STM32F1xx_DFP\2.4.1\Device\Include

<h2>Collection of Component Files used:</h2>

   * Component: ARM::CMSIS:CORE:5.0.2
Build Time Elapsed:  00:00:07
</pre>
</body>
</html>
